Archive member included to satisfy reference by file (symbol)

.\CortexM3\ARM_GCC_541\Debug\WOTAN.a(IDAC8_1.o)
                              .\CortexM3\ARM_GCC_541\Debug\main.o (IDAC8_1_SetValue)
.\CortexM3\ARM_GCC_541\Debug\WOTAN.a(LED.o)
                              .\CortexM3\ARM_GCC_541\Debug\main.o (LED_Write)
.\CortexM3\ARM_GCC_541\Debug\WOTAN.a(CyDmac.o)
                              .\CortexM3\ARM_GCC_541\Debug\Cm3Start.o (CyDmacConfigure)
.\CortexM3\ARM_GCC_541\Debug\WOTAN.a(CyLib.o)
                              .\CortexM3\ARM_GCC_541\Debug\Cm3Start.o (CyHalt)
.\CortexM3\ARM_GCC_541\Debug\WOTAN.a(cyPm.o)
                              .\CortexM3\ARM_GCC_541\Debug\WOTAN.a(CyLib.o) (CyPmReadStatus)
.\CortexM3\ARM_GCC_541\Debug\WOTAN.a(ADC_SAR_1.o)
                              .\CortexM3\ARM_GCC_541\Debug\main.o (ADC_SAR_1_Start)
.\CortexM3\ARM_GCC_541\Debug\WOTAN.a(ADC_SAR_1_INT.o)
                              .\CortexM3\ARM_GCC_541\Debug\WOTAN.a(ADC_SAR_1.o) (ADC_SAR_1_ISR)
.\CortexM3\ARM_GCC_541\Debug\WOTAN.a(UART_1.o)
                              .\CortexM3\ARM_GCC_541\Debug\main.o (UART_1_Start)
.\CortexM3\ARM_GCC_541\Debug\WOTAN.a(UART_1_INT.o)
                              .\CortexM3\ARM_GCC_541\Debug\WOTAN.a(UART_1.o) (UART_1_RXISR)
.\CortexM3\ARM_GCC_541\Debug\WOTAN.a(ADC_SAR_1_IRQ.o)
                              .\CortexM3\ARM_GCC_541\Debug\main.o (ADC_SAR_1_IRQ_Disable)
.\CortexM3\ARM_GCC_541\Debug\WOTAN.a(UART_1_IntClock.o)
                              .\CortexM3\ARM_GCC_541\Debug\WOTAN.a(UART_1.o) (UART_1_IntClock_Start)
.\CortexM3\ARM_GCC_541\Debug\WOTAN.a(DMA_ADC_1_dma.o)
                              .\CortexM3\ARM_GCC_541\Debug\main.o (DMA_ADC_1_DmaInitialize)
.\CortexM3\ARM_GCC_541\Debug\WOTAN.a(ADC_SAR_2.o)
                              .\CortexM3\ARM_GCC_541\Debug\main.o (ADC_SAR_2_Start)
.\CortexM3\ARM_GCC_541\Debug\WOTAN.a(ADC_SAR_2_INT.o)
                              .\CortexM3\ARM_GCC_541\Debug\WOTAN.a(ADC_SAR_2.o) (ADC_SAR_2_ISR)
.\CortexM3\ARM_GCC_541\Debug\WOTAN.a(DMA_ADC_2_dma.o)
                              .\CortexM3\ARM_GCC_541\Debug\main.o (DMA_ADC_2_DmaInitialize)
.\CortexM3\ARM_GCC_541\Debug\WOTAN.a(ADC_SAR_2_IRQ.o)
                              .\CortexM3\ARM_GCC_541\Debug\main.o (ADC_SAR_2_IRQ_Disable)
.\CortexM3\ARM_GCC_541\Debug\WOTAN.a(ShiftReg_1.o)
                              .\CortexM3\ARM_GCC_541\Debug\main.o (ShiftReg_1_Stop)
.\CortexM3\ARM_GCC_541\Debug\WOTAN.a(DMA_DAC_1_dma.o)
                              .\CortexM3\ARM_GCC_541\Debug\main.o (DMA_DAC_1_DmaInitialize)
.\CortexM3\ARM_GCC_541\Debug\WOTAN.a(IDAC8_2.o)
                              .\CortexM3\ARM_GCC_541\Debug\main.o (IDAC8_2_Start)
.\CortexM3\ARM_GCC_541\Debug\WOTAN.a(DMA_DAC_2_dma.o)
                              .\CortexM3\ARM_GCC_541\Debug\main.o (DMA_DAC_2_DmaInitialize)
.\CortexM3\ARM_GCC_541\Debug\WOTAN.a(isr_DAC_1.o)
                              .\CortexM3\ARM_GCC_541\Debug\main.o (isr_DAC_1_StartEx)
.\CortexM3\ARM_GCC_541\Debug\WOTAN.a(ShiftReg_2.o)
                              .\CortexM3\ARM_GCC_541\Debug\main.o (ShiftReg_2_Stop)
.\CortexM3\ARM_GCC_541\Debug\WOTAN.a(IDAC8_3.o)
                              .\CortexM3\ARM_GCC_541\Debug\main.o (IDAC8_3_Start)
.\CortexM3\ARM_GCC_541\Debug\WOTAN.a(DMA_DAC_3_dma.o)
                              .\CortexM3\ARM_GCC_541\Debug\main.o (DMA_DAC_3_DmaInitialize)
.\CortexM3\ARM_GCC_541\Debug\WOTAN.a(isr_DAC_2.o)
                              .\CortexM3\ARM_GCC_541\Debug\main.o (isr_DAC_2_StartEx)
.\CortexM3\ARM_GCC_541\Debug\WOTAN.a(ShiftReg_3.o)
                              .\CortexM3\ARM_GCC_541\Debug\main.o (ShiftReg_3_Stop)
.\CortexM3\ARM_GCC_541\Debug\WOTAN.a(IDAC8_4.o)
                              .\CortexM3\ARM_GCC_541\Debug\main.o (IDAC8_4_Start)
.\CortexM3\ARM_GCC_541\Debug\WOTAN.a(DMA_DAC_4_dma.o)
                              .\CortexM3\ARM_GCC_541\Debug\main.o (DMA_DAC_4_DmaInitialize)
.\CortexM3\ARM_GCC_541\Debug\WOTAN.a(isr_DAC_3.o)
                              .\CortexM3\ARM_GCC_541\Debug\main.o (isr_DAC_3_StartEx)
.\CortexM3\ARM_GCC_541\Debug\WOTAN.a(ShiftReg_4.o)
                              .\CortexM3\ARM_GCC_541\Debug\main.o (ShiftReg_4_Stop)
.\CortexM3\ARM_GCC_541\Debug\WOTAN.a(isr_DAC_4.o)
                              .\CortexM3\ARM_GCC_541\Debug\main.o (isr_DAC_4_StartEx)
.\CortexM3\ARM_GCC_541\Debug\WOTAN.a(FLASH.o)
                              .\CortexM3\ARM_GCC_541\Debug\main.o (FLASH_Write)
.\CortexM3\ARM_GCC_541\Debug\WOTAN.a(isr_ADC_1.o)
                              .\CortexM3\ARM_GCC_541\Debug\main.o (isr_ADC_1_StartEx)
.\CortexM3\ARM_GCC_541\Debug\WOTAN.a(ChannelSel.o)
                              .\CortexM3\ARM_GCC_541\Debug\main.o (ChannelSel_Start)
.\CortexM3\ARM_GCC_541\Debug\WOTAN.a(isr_ADC_2.o)
                              .\CortexM3\ARM_GCC_541\Debug\main.o (isr_ADC_2_StartEx)
[...]
Memory Configuration

Name             Origin             Length             Attributes
rom              0x00000000         0x00040000         xr
ram              0x1fff8000         0x00010000         xrw
*default*        0x00000000         0xffffffff

Linker script and memory map

LOAD d:/program files (x86)/cypress/psoc creator/4.1/psoc creator/import/gnu/arm/5.4.1/bin/../lib/gcc/arm-none-eabi/5.4.1/armv7-m/crti.o
LOAD d:/program files (x86)/cypress/psoc creator/4.1/psoc creator/import/gnu/arm/5.4.1/bin/../lib/gcc/arm-none-eabi/5.4.1/armv7-m/crtbegin.o
LOAD d:/program files (x86)/cypress/psoc creator/4.1/psoc creator/import/gnu/arm/5.4.1/bin/../lib/gcc/arm-none-eabi/5.4.1/../../../../arm-none-eabi/lib/armv7-m/crt0.o
START GROUP
LOAD .\CortexM3\ARM_GCC_541\Debug\main.o
LOAD .\CortexM3\ARM_GCC_541\Debug\cyfitter_cfg.o
LOAD .\CortexM3\ARM_GCC_541\Debug\cymetadata.o
LOAD .\CortexM3\ARM_GCC_541\Debug\Cm3Start.o
LOAD .\CortexM3\ARM_GCC_541\Debug\WOTAN.a
LOAD D:\Program Files (x86)\Cypress\PSoC Creator\4.1\PSoC Creator\psoc\content\cycomponentlibrary\CyComponentLibrary.cylib\CortexM3\ARM_GCC_541\Debug\CyComponentLibrary.a
LOAD d:/program files (x86)/cypress/psoc creator/4.1/psoc creator/import/gnu/arm/5.4.1/bin/../lib/gcc/arm-none-eabi/5.4.1/../../../../arm-none-eabi/lib/armv7-m\libm.a
END GROUP
START GROUP
LOAD d:/program files (x86)/cypress/psoc creator/4.1/psoc creator/import/gnu/arm/5.4.1/bin/../lib/gcc/arm-none-eabi/5.4.1/armv7-m\libgcc.a
LOAD d:/program files (x86)/cypress/psoc creator/4.1/psoc creator/import/gnu/arm/5.4.1/bin/../lib/gcc/arm-none-eabi/5.4.1/../../../../arm-none-eabi/lib/armv7-m\libg_nano.a
LOAD d:/program files (x86)/cypress/psoc creator/4.1/psoc creator/import/gnu/arm/5.4.1/bin/../lib/gcc/arm-none-eabi/5.4.1/../../../../arm-none-eabi/lib/armv7-m\libc_nano.a
END GROUP
START GROUP
LOAD d:/program files (x86)/cypress/psoc creator/4.1/psoc creator/import/gnu/arm/5.4.1/bin/../lib/gcc/arm-none-eabi/5.4.1/armv7-m\libgcc.a
LOAD d:/program files (x86)/cypress/psoc creator/4.1/psoc creator/import/gnu/arm/5.4.1/bin/../lib/gcc/arm-none-eabi/5.4.1/../../../../arm-none-eabi/lib/armv7-m\libc_nano.a
END GROUP
LOAD d:/program files (x86)/cypress/psoc creator/4.1/psoc creator/import/gnu/arm/5.4.1/bin/../lib/gcc/arm-none-eabi/5.4.1/armv7-m/crtend.o
LOAD d:/program files (x86)/cypress/psoc creator/4.1/psoc creator/import/gnu/arm/5.4.1/bin/../lib/gcc/arm-none-eabi/5.4.1/armv7-m/crtn.o
START GROUP
LOAD d:/program files (x86)/cypress/psoc creator/4.1/psoc creator/import/gnu/arm/5.4.1/bin/../lib/gcc/arm-none-eabi/5.4.1/armv7-m\libgcc.a
LOAD d:/program files (x86)/cypress/psoc creator/4.1/psoc creator/import/gnu/arm/5.4.1/bin/../lib/gcc/arm-none-eabi/5.4.1/../../../../arm-none-eabi/lib/armv7-m\libc.a
LOAD d:/program files (x86)/cypress/psoc creator/4.1/psoc creator/import/gnu/arm/5.4.1/bin/../lib/gcc/arm-none-eabi/5.4.1/../../../../arm-none-eabi/lib/armv7-m\libnosys.a
END GROUP
                0x00000000                CY_APPL_ORIGIN = 0x0
                0x00000100                CY_FLASH_ROW_SIZE = 0x100
                0x00000020                CY_ECC_ROW_SIZE = 0x20
                0x00000000                CY_EE_IN_BTLDR = 0x0
                0x00000000                CY_APPL_LOADABLE = 0x0
                0x00000800                CY_EE_SIZE = 0x800
                0x00000001                CY_APPL_NUM = 0x1
                0x00000001                CY_APPL_MAX = 0x1
                0x00000040                CY_METADATA_SIZE = 0x40
                0x00000000                CY_APPL_LOADABLE = 0x0
                0x00000000                CY_CHECKSUM_EXCLUDE_SIZE = ALIGN (0x0, CY_FLASH_ROW_SIZE)
                [!provide]                PROVIDE (__cy_heap_start, _end)
                0x00000001                PROVIDE (__cy_region_num, ((__cy_regions_end - __cy_regions) / 0x10))
                0x20008000                PROVIDE (__cy_stack, (ORIGIN (ram) + LENGTH (ram)))
                [!provide]                PROVIDE (__cy_heap_end, (__cy_stack - 0x800))

.cybootloader   0x00000000        0x0
 *(.cybootloader)
                0x00000000                appl1_start = CY_APPL_ORIGIN?CY_APPL_ORIGIN:ALIGN (CY_FLASH_ROW_SIZE)
                0x0001ff00                appl2_start = (appl1_start + ALIGN ((((LENGTH (rom) - appl1_start) - (0x2 * CY_FLASH_ROW_SIZE)) / 0x2), CY_FLASH_ROW_SIZE))
                0x00000000                appl_start = (CY_APPL_NUM == 0x1)?appl1_start:appl2_start
                0x00000000                ecc_offset = ((appl_start / CY_FLASH_ROW_SIZE) * CY_ECC_ROW_SIZE)
                0x00000000                ee_offset = (CY_APPL_LOADABLE && ! (CY_EE_IN_BTLDR))?((CY_EE_SIZE / CY_APPL_MAX) * (CY_APPL_NUM - 0x1)):0x0
                0x00000800                ee_size = (CY_APPL_LOADABLE && ! (CY_EE_IN_BTLDR))?(CY_EE_SIZE / CY_APPL_MAX):CY_EE_SIZE
                [!provide]                PROVIDE (CY_ECC_OFFSET, ecc_offset)

.text           0x00000000     0x5a8c
 CREATE_OBJECT_SYMBOLS
                0x00000000                PROVIDE (__cy_interrupt_vector, RomVectors)
 *(.romvectors)
 .romvectors    0x00000000       0x10 .\CortexM3\ARM_GCC_541\Debug\Cm3Start.o
                0x00000000                RomVectors
                0x00000001                ASSERT ((. != __cy_interrupt_vector), No interrupt vector)
                0x00000001                ASSERT (CY_APPL_ORIGIN?(SIZEOF (.cybootloader) <= CY_APPL_ORIGIN):0x1, Wrong image location)
                0x00000010                PROVIDE (__cy_reset, Reset)
 *(.text.Reset)
 .text.Reset    0x00000010       0x18 .\CortexM3\ARM_GCC_541\Debug\Cm3Start.o
                0x00000010                Reset
                0x00000001                ASSERT ((. != __cy_reset), No reset code)
 *(.dma_init)
                0x00000001                ASSERT ((((appl_start + .) <= 0x10000) || 0x1), DMA Init must be within the first 64k of flash)
 *(.text .text.* .gnu.linkonce.t.*)
 .text          0x00000028       0x5c d:/program files (x86)/cypress/psoc creator/4.1/psoc creator/import/gnu/arm/5.4.1/bin/../lib/gcc/arm-none-eabi/5.4.1/armv7-m/crtbegin.o
 .text.isr_DAC_1_done
                0x00000084        0x4 .\CortexM3\ARM_GCC_541\Debug\main.o
                0x00000084                isr_DAC_1_done
 .text.isr_DAC_2_done
                0x00000088        0x4 .\CortexM3\ARM_GCC_541\Debug\main.o
                0x00000088                isr_DAC_2_done
 .text.isr_DAC_3_done
                0x0000008c        0x4 .\CortexM3\ARM_GCC_541\Debug\main.o
                0x0000008c                isr_DAC_3_done
 .text.isr_DAC_4_done
                0x00000090        0x4 .\CortexM3\ARM_GCC_541\Debug\main.o
                0x00000090                isr_DAC_4_done
 .text.isr_ADC_1_done
                0x00000094        0x4 .\CortexM3\ARM_GCC_541\Debug\main.o
                0x00000094                isr_ADC_1_done
 .text.isr_ADC_2_done
                0x00000098        0x4 .\CortexM3\ARM_GCC_541\Debug\main.o
                0x00000098                isr_ADC_2_done
 .text.init_components
                0x0000009c       0xd8 .\CortexM3\ARM_GCC_541\Debug\main.o
                0x0000009c                init_components
 .text.show_default_message
                0x00000174       0xe8 .\CortexM3\ARM_GCC_541\Debug\main.o
                0x00000174                show_default_message
 .text.show_channel_num
                0x0000025c       0x48 .\CortexM3\ARM_GCC_541\Debug\main.o
                0x0000025c                show_channel_num
 .text.display_results
                0x000002a4       0x90 .\CortexM3\ARM_GCC_541\Debug\main.o
                0x000002a4                display_results
 *fill*         0x00000334        0x4 
 .text.generate_sequence
                0x00000338      0x2a8 .\CortexM3\ARM_GCC_541\Debug\main.o
                0x00000338                generate_sequence
 .text.set_sequence_params
                0x000005e0       0x38 .\CortexM3\ARM_GCC_541\Debug\main.o
                0x000005e0                set_sequence_params
 .text.dma_dac_1_init
                0x00000618       0xa4 .\CortexM3\ARM_GCC_541\Debug\main.o
                0x00000618                dma_dac_1_init
 .text.dma_dac_2_init
                0x000006bc       0xa4 .\CortexM3\ARM_GCC_541\Debug\main.o
                0x000006bc                dma_dac_2_init
 .text.dma_dac_3_init
                0x00000760       0xa4 .\CortexM3\ARM_GCC_541\Debug\main.o
                0x00000760                dma_dac_3_init
 .text.dma_dac_4_init
                0x00000804       0xa4 .\CortexM3\ARM_GCC_541\Debug\main.o
                0x00000804                dma_dac_4_init
 .text.dma_adc_1_init
                0x000008a8      0x32c .\CortexM3\ARM_GCC_541\Debug\main.o
                0x000008a8                dma_adc_1_init
 .text.dma_adc_2_init
                0x00000bd4      0x32c .\CortexM3\ARM_GCC_541\Debug\main.o
                0x00000bd4                dma_adc_2_init
 .text.run_sequence
                0x00000f00       0x88 .\CortexM3\ARM_GCC_541\Debug\main.o
                0x00000f00                run_sequence
 .text.uart_interface
                0x00000f88      0x1b0 .\CortexM3\ARM_GCC_541\Debug\main.o
                0x00000f88                uart_interface
 .text.main     0x00001138       0x20 .\CortexM3\ARM_GCC_541\Debug\main.o
                0x00001138                main
 .text.isr_triggerIn
                0x00001158       0x30 .\CortexM3\ARM_GCC_541\Debug\main.o
                0x00001158                isr_triggerIn
 .text.CyClockStartupError
                0x00001188        0x4 .\CortexM3\ARM_GCC_541\Debug\cyfitter_cfg.o
 .text.cfg_write_bytes32
                0x0000118c       0x34 .\CortexM3\ARM_GCC_541\Debug\cyfitter_cfg.o
 .text.CYMEMZERO
                0x000011c0        0xc .\CortexM3\ARM_GCC_541\Debug\cyfitter_cfg.o
 .text.AnalogSetDefault
                0x000011cc      0x10c .\CortexM3\ARM_GCC_541\Debug\cyfitter_cfg.o
 .text.CYCONFIGCPY
                0x000012d8        0x8 .\CortexM3\ARM_GCC_541\Debug\cyfitter_cfg.o
 .text.ClockSetup
                0x000012e0      0x12c .\CortexM3\ARM_GCC_541\Debug\cyfitter_cfg.o
 .text.ChannelSel_Set
                0x0000140c       0x1c .\CortexM3\ARM_GCC_541\Debug\cyfitter_cfg.o
                0x0000140c                ChannelSel_Set
 .text.ChannelSel_Unset
                0x00001428       0x1c .\CortexM3\ARM_GCC_541\Debug\cyfitter_cfg.o
                0x00001428                ChannelSel_Unset
 .text.cyfitter_cfg
                0x00001444      0x188 .\CortexM3\ARM_GCC_541\Debug\cyfitter_cfg.o
                0x00001444                cyfitter_cfg
 .text.IntDefaultHandler
                0x000015cc       0x10 .\CortexM3\ARM_GCC_541\Debug\Cm3Start.o
                0x000015cc                IntDefaultHandler
 .text._sbrk    0x000015dc       0x30 .\CortexM3\ARM_GCC_541\Debug\Cm3Start.o
                0x000015dc                _sbrk
 .text.Start_c  0x0000160c       0x4c .\CortexM3\ARM_GCC_541\Debug\Cm3Start.o
                0x0000160c                Start_c
 .text.initialize_psoc
                0x00001658       0x6c .\CortexM3\ARM_GCC_541\Debug\Cm3Start.o
                0x00001658                initialize_psoc
 .text.IDAC8_1_Enable
                0x000016c4       0x1c .\CortexM3\ARM_GCC_541\Debug\WOTAN.a(IDAC8_1.o)
                0x000016c4                IDAC8_1_Enable
 .text.IDAC8_1_SetSpeed
                0x000016e0       0x1c .\CortexM3\ARM_GCC_541\Debug\WOTAN.a(IDAC8_1.o)
                0x000016e0                IDAC8_1_SetSpeed
 .text.IDAC8_1_SetValue
                0x000016fc        0xc .\CortexM3\ARM_GCC_541\Debug\WOTAN.a(IDAC8_1.o)
                0x000016fc                IDAC8_1_SetValue
 .text.IDAC8_1_DacTrim
                0x00001708       0x34 .\CortexM3\ARM_GCC_541\Debug\WOTAN.a(IDAC8_1.o)
                0x00001708                IDAC8_1_DacTrim
 .text.IDAC8_1_Init
                0x0000173c       0x24 .\CortexM3\ARM_GCC_541\Debug\WOTAN.a(IDAC8_1.o)
                0x0000173c                IDAC8_1_Init
 .text.IDAC8_1_Start
                0x00001760       0x24 .\CortexM3\ARM_GCC_541\Debug\WOTAN.a(IDAC8_1.o)
                0x00001760                IDAC8_1_Start
 .text.LED_Write
                0x00001784       0x18 .\CortexM3\ARM_GCC_541\Debug\WOTAN.a(LED.o)
                0x00001784                LED_Write
 .text.LED_Read
                0x0000179c       0x10 .\CortexM3\ARM_GCC_541\Debug\WOTAN.a(LED.o)
                0x0000179c                LED_Read
 .text.CyDmacConfigure
                0x000017ac       0x34 .\CortexM3\ARM_GCC_541\Debug\WOTAN.a(CyDmac.o)
                0x000017ac                CyDmacConfigure
 .text.CyDmaChEnable
                0x000017e0       0x38 .\CortexM3\ARM_GCC_541\Debug\WOTAN.a(CyDmac.o)
                0x000017e0                CyDmaChEnable
 .text.CyDmaChPriority
                0x00001818       0x24 .\CortexM3\ARM_GCC_541\Debug\WOTAN.a(CyDmac.o)
                0x00001818                CyDmaChPriority
 .text.CyDmaChSetExtendedAddress
                0x0000183c       0x34 .\CortexM3\ARM_GCC_541\Debug\WOTAN.a(CyDmac.o)
                0x0000183c                CyDmaChSetExtendedAddress
 .text.CyDmaChSetInitialTd
                0x00001870       0x18 .\CortexM3\ARM_GCC_541\Debug\WOTAN.a(CyDmac.o)
                0x00001870                CyDmaChSetInitialTd
 .text.CyDmaChSetConfiguration
                0x00001888       0x44 .\CortexM3\ARM_GCC_541\Debug\WOTAN.a(CyDmac.o)
                0x00001888                CyDmaChSetConfiguration
 .text.CyDmaTdAllocate
                0x000018cc       0x34 .\CortexM3\ARM_GCC_541\Debug\WOTAN.a(CyDmac.o)
                0x000018cc                CyDmaTdAllocate
 .text.CyDmaTdSetConfiguration
                0x00001900       0x28 .\CortexM3\ARM_GCC_541\Debug\WOTAN.a(CyDmac.o)
                0x00001900                CyDmaTdSetConfiguration
 .text.CyDmaTdSetAddress
                0x00001928       0x1c .\CortexM3\ARM_GCC_541\Debug\WOTAN.a(CyDmac.o)
                0x00001928                CyDmaTdSetAddress
 .text.CyHalt   0x00001944        0x4 .\CortexM3\ARM_GCC_541\Debug\WOTAN.a(CyLib.o)
                0x00001944                CyHalt
 .text.CySoftwareReset
                0x00001948       0x10 .\CortexM3\ARM_GCC_541\Debug\WOTAN.a(CyLib.o)
                0x00001948                CySoftwareReset
 .text.CyDelay  0x00001958       0x2c .\CortexM3\ARM_GCC_541\Debug\WOTAN.a(CyLib.o)
                0x00001958                CyDelay
 .text.CyDelayUs
                0x00001984       0x14 .\CortexM3\ARM_GCC_541\Debug\WOTAN.a(CyLib.o)
                0x00001984                CyDelayUs
 .text.CyFlushCache
                0x00001998       0x44 .\CortexM3\ARM_GCC_541\Debug\WOTAN.a(CyLib.o)
                0x00001998                CyFlushCache
 .text.CyIntSetVector
                0x000019dc       0x28 .\CortexM3\ARM_GCC_541\Debug\WOTAN.a(CyLib.o)
                0x000019dc                CyIntSetVector
 .text.CyIntSetPriority
                0x00001a04       0x30 .\CortexM3\ARM_GCC_541\Debug\WOTAN.a(CyLib.o)
                0x00001a04                CyIntSetPriority
 .text.ADC_SAR_1_CalcGain
                0x00001a34       0x5c .\CortexM3\ARM_GCC_541\Debug\WOTAN.a(ADC_SAR_1.o)
 .text.ADC_SAR_1_Enable
                0x00001a90       0x80 .\CortexM3\ARM_GCC_541\Debug\WOTAN.a(ADC_SAR_1.o)
                0x00001a90                ADC_SAR_1_Enable
 .text.ADC_SAR_1_SetResolution
                0x00001b10       0x38 .\CortexM3\ARM_GCC_541\Debug\WOTAN.a(ADC_SAR_1.o)
                0x00001b10                ADC_SAR_1_SetResolution
 .text.ADC_SAR_1_Init
                0x00001b48       0x38 .\CortexM3\ARM_GCC_541\Debug\WOTAN.a(ADC_SAR_1.o)
                0x00001b48                ADC_SAR_1_Init
 .text.ADC_SAR_1_Start
                0x00001b80       0x1c .\CortexM3\ARM_GCC_541\Debug\WOTAN.a(ADC_SAR_1.o)
                0x00001b80                ADC_SAR_1_Start
 .text.ADC_SAR_1_ISR
                0x00001b9c        0x4 .\CortexM3\ARM_GCC_541\Debug\WOTAN.a(ADC_SAR_1_INT.o)
                0x00001b9c                ADC_SAR_1_ISR
 .text.UART_1_Init
                0x00001ba0       0x44 .\CortexM3\ARM_GCC_541\Debug\WOTAN.a(UART_1.o)
                0x00001ba0                UART_1_Init
 .text.UART_1_Enable
                0x00001be4       0x44 .\CortexM3\ARM_GCC_541\Debug\WOTAN.a(UART_1.o)
                0x00001be4                UART_1_Enable
 .text.UART_1_Start
                0x00001c28       0x1c .\CortexM3\ARM_GCC_541\Debug\WOTAN.a(UART_1.o)
                0x00001c28                UART_1_Start
 .text.UART_1_GetChar
                0x00001c44       0x80 .\CortexM3\ARM_GCC_541\Debug\WOTAN.a(UART_1.o)
                0x00001c44                UART_1_GetChar
 .text.UART_1_GetRxBufferSize
                0x00001cc4       0x60 .\CortexM3\ARM_GCC_541\Debug\WOTAN.a(UART_1.o)
                0x00001cc4                UART_1_GetRxBufferSize
 .text.UART_1_ClearRxBuffer
                0x00001d24       0x44 .\CortexM3\ARM_GCC_541\Debug\WOTAN.a(UART_1.o)
                0x00001d24                UART_1_ClearRxBuffer
 .text.UART_1_PutChar
                0x00001d68       0x18 .\CortexM3\ARM_GCC_541\Debug\WOTAN.a(UART_1.o)
                0x00001d68                UART_1_PutChar
 .text.UART_1_PutString
                0x00001d80       0x24 .\CortexM3\ARM_GCC_541\Debug\WOTAN.a(UART_1.o)
                0x00001d80                UART_1_PutString
 .text.UART_1_PutCRLF
                0x00001da4       0x20 .\CortexM3\ARM_GCC_541\Debug\WOTAN.a(UART_1.o)
                0x00001da4                UART_1_PutCRLF
 .text.UART_1_RXISR
                0x00001dc4       0x98 .\CortexM3\ARM_GCC_541\Debug\WOTAN.a(UART_1_INT.o)
                0x00001dc4                UART_1_RXISR
 .text.ADC_SAR_1_IRQ_Disable
                0x00001e5c        0xc .\CortexM3\ARM_GCC_541\Debug\WOTAN.a(ADC_SAR_1_IRQ.o)
                0x00001e5c                ADC_SAR_1_IRQ_Disable
 .text.UART_1_IntClock_Start
                0x00001e68       0x1c .\CortexM3\ARM_GCC_541\Debug\WOTAN.a(UART_1_IntClock.o)
                0x00001e68                UART_1_IntClock_Start
 .text.DMA_ADC_1_DmaInitialize
                0x00001e84       0x3c .\CortexM3\ARM_GCC_541\Debug\WOTAN.a(DMA_ADC_1_dma.o)
                0x00001e84                DMA_ADC_1_DmaInitialize
 .text.ADC_SAR_2_CalcGain
                0x00001ec0       0x5c .\CortexM3\ARM_GCC_541\Debug\WOTAN.a(ADC_SAR_2.o)
 .text.ADC_SAR_2_Enable
                0x00001f1c       0x80 .\CortexM3\ARM_GCC_541\Debug\WOTAN.a(ADC_SAR_2.o)
                0x00001f1c                ADC_SAR_2_Enable
 .text.ADC_SAR_2_SetResolution
                0x00001f9c       0x38 .\CortexM3\ARM_GCC_541\Debug\WOTAN.a(ADC_SAR_2.o)
                0x00001f9c                ADC_SAR_2_SetResolution
 .text.ADC_SAR_2_Init
                0x00001fd4       0x38 .\CortexM3\ARM_GCC_541\Debug\WOTAN.a(ADC_SAR_2.o)
                0x00001fd4                ADC_SAR_2_Init
 .text.ADC_SAR_2_Start
                0x0000200c       0x1c .\CortexM3\ARM_GCC_541\Debug\WOTAN.a(ADC_SAR_2.o)
                0x0000200c                ADC_SAR_2_Start
 .text.ADC_SAR_2_ISR
                0x00002028        0x4 .\CortexM3\ARM_GCC_541\Debug\WOTAN.a(ADC_SAR_2_INT.o)
                0x00002028                ADC_SAR_2_ISR
 .text.DMA_ADC_2_DmaInitialize
                0x0000202c       0x3c .\CortexM3\ARM_GCC_541\Debug\WOTAN.a(DMA_ADC_2_dma.o)
                0x0000202c                DMA_ADC_2_DmaInitialize
 .text.ADC_SAR_2_IRQ_Disable
                0x00002068        0xc .\CortexM3\ARM_GCC_541\Debug\WOTAN.a(ADC_SAR_2_IRQ.o)
                0x00002068                ADC_SAR_2_IRQ_Disable
 .text.ShiftReg_1_EnableInt
                0x00002074       0x1c .\CortexM3\ARM_GCC_541\Debug\WOTAN.a(ShiftReg_1.o)
                0x00002074                ShiftReg_1_EnableInt
 .text.ShiftReg_1_Enable
                0x00002090       0x18 .\CortexM3\ARM_GCC_541\Debug\WOTAN.a(ShiftReg_1.o)
                0x00002090                ShiftReg_1_Enable
 .text.ShiftReg_1_DisableInt
                0x000020a8       0x1c .\CortexM3\ARM_GCC_541\Debug\WOTAN.a(ShiftReg_1.o)
                0x000020a8                ShiftReg_1_DisableInt
 .text.ShiftReg_1_Stop
                0x000020c4       0x18 .\CortexM3\ARM_GCC_541\Debug\WOTAN.a(ShiftReg_1.o)
                0x000020c4                ShiftReg_1_Stop
 .text.ShiftReg_1_SetIntMode
                0x000020dc       0x1c .\CortexM3\ARM_GCC_541\Debug\WOTAN.a(ShiftReg_1.o)
                0x000020dc                ShiftReg_1_SetIntMode
 .text.ShiftReg_1_Init
                0x000020f8        0xc .\CortexM3\ARM_GCC_541\Debug\WOTAN.a(ShiftReg_1.o)
                0x000020f8                ShiftReg_1_Init
 .text.ShiftReg_1_Start
                0x00002104       0x1c .\CortexM3\ARM_GCC_541\Debug\WOTAN.a(ShiftReg_1.o)
                0x00002104                ShiftReg_1_Start
 .text.ShiftReg_1_WriteRegValue
                0x00002120        0xc .\CortexM3\ARM_GCC_541\Debug\WOTAN.a(ShiftReg_1.o)
                0x00002120                ShiftReg_1_WriteRegValue
 .text.DMA_DAC_1_DmaInitialize
                0x0000212c       0x3c .\CortexM3\ARM_GCC_541\Debug\WOTAN.a(DMA_DAC_1_dma.o)
                0x0000212c                DMA_DAC_1_DmaInitialize
 .text.IDAC8_2_Enable
                0x00002168       0x1c .\CortexM3\ARM_GCC_541\Debug\WOTAN.a(IDAC8_2.o)
                0x00002168                IDAC8_2_Enable
 .text.IDAC8_2_SetSpeed
                0x00002184       0x1c .\CortexM3\ARM_GCC_541\Debug\WOTAN.a(IDAC8_2.o)
                0x00002184                IDAC8_2_SetSpeed
 .text.IDAC8_2_SetValue
                0x000021a0        0xc .\CortexM3\ARM_GCC_541\Debug\WOTAN.a(IDAC8_2.o)
                0x000021a0                IDAC8_2_SetValue
 .text.IDAC8_2_DacTrim
                0x000021ac       0x34 .\CortexM3\ARM_GCC_541\Debug\WOTAN.a(IDAC8_2.o)
                0x000021ac                IDAC8_2_DacTrim
 .text.IDAC8_2_Init
                0x000021e0       0x24 .\CortexM3\ARM_GCC_541\Debug\WOTAN.a(IDAC8_2.o)
                0x000021e0                IDAC8_2_Init
 .text.IDAC8_2_Start
                0x00002204       0x24 .\CortexM3\ARM_GCC_541\Debug\WOTAN.a(IDAC8_2.o)
                0x00002204                IDAC8_2_Start
 .text.DMA_DAC_2_DmaInitialize
                0x00002228       0x3c .\CortexM3\ARM_GCC_541\Debug\WOTAN.a(DMA_DAC_2_dma.o)
                0x00002228                DMA_DAC_2_DmaInitialize
 .text.isr_DAC_1_SetVector
                0x00002264        0xc .\CortexM3\ARM_GCC_541\Debug\WOTAN.a(isr_DAC_1.o)
                0x00002264                isr_DAC_1_SetVector
 .text.isr_DAC_1_SetPriority
                0x00002270       0x10 .\CortexM3\ARM_GCC_541\Debug\WOTAN.a(isr_DAC_1.o)
                0x00002270                isr_DAC_1_SetPriority
 .text.isr_DAC_1_Enable
                0x00002280        0xc .\CortexM3\ARM_GCC_541\Debug\WOTAN.a(isr_DAC_1.o)
                0x00002280                isr_DAC_1_Enable
 .text.isr_DAC_1_Disable
                0x0000228c        0xc .\CortexM3\ARM_GCC_541\Debug\WOTAN.a(isr_DAC_1.o)
                0x0000228c                isr_DAC_1_Disable
 .text.isr_DAC_1_StartEx
                0x00002298       0x1c .\CortexM3\ARM_GCC_541\Debug\WOTAN.a(isr_DAC_1.o)
                0x00002298                isr_DAC_1_StartEx
 .text.ShiftReg_2_EnableInt
                0x000022b4       0x1c .\CortexM3\ARM_GCC_541\Debug\WOTAN.a(ShiftReg_2.o)
                0x000022b4                ShiftReg_2_EnableInt
 .text.ShiftReg_2_Enable
                0x000022d0       0x18 .\CortexM3\ARM_GCC_541\Debug\WOTAN.a(ShiftReg_2.o)
                0x000022d0                ShiftReg_2_Enable
 .text.ShiftReg_2_DisableInt
                0x000022e8       0x1c .\CortexM3\ARM_GCC_541\Debug\WOTAN.a(ShiftReg_2.o)
                0x000022e8                ShiftReg_2_DisableInt
 .text.ShiftReg_2_Stop
                0x00002304       0x18 .\CortexM3\ARM_GCC_541\Debug\WOTAN.a(ShiftReg_2.o)
                0x00002304                ShiftReg_2_Stop
 .text.ShiftReg_2_SetIntMode
                0x0000231c       0x1c .\CortexM3\ARM_GCC_541\Debug\WOTAN.a(ShiftReg_2.o)
                0x0000231c                ShiftReg_2_SetIntMode
 .text.ShiftReg_2_Init
                0x00002338        0xc .\CortexM3\ARM_GCC_541\Debug\WOTAN.a(ShiftReg_2.o)
                0x00002338                ShiftReg_2_Init
 .text.ShiftReg_2_Start
                0x00002344       0x1c .\CortexM3\ARM_GCC_541\Debug\WOTAN.a(ShiftReg_2.o)
                0x00002344                ShiftReg_2_Start
 .text.ShiftReg_2_WriteRegValue
                0x00002360        0xc .\CortexM3\ARM_GCC_541\Debug\WOTAN.a(ShiftReg_2.o)
                0x00002360                ShiftReg_2_WriteRegValue
 .text.IDAC8_3_Enable
                0x0000236c       0x1c .\CortexM3\ARM_GCC_541\Debug\WOTAN.a(IDAC8_3.o)
                0x0000236c                IDAC8_3_Enable
 .text.IDAC8_3_SetSpeed
                0x00002388       0x1c .\CortexM3\ARM_GCC_541\Debug\WOTAN.a(IDAC8_3.o)
                0x00002388                IDAC8_3_SetSpeed
 .text.IDAC8_3_SetValue
                0x000023a4        0xc .\CortexM3\ARM_GCC_541\Debug\WOTAN.a(IDAC8_3.o)
                0x000023a4                IDAC8_3_SetValue
 .text.IDAC8_3_DacTrim
                0x000023b0       0x34 .\CortexM3\ARM_GCC_541\Debug\WOTAN.a(IDAC8_3.o)
                0x000023b0                IDAC8_3_DacTrim
 .text.IDAC8_3_Init
                0x000023e4       0x24 .\CortexM3\ARM_GCC_541\Debug\WOTAN.a(IDAC8_3.o)
                0x000023e4                IDAC8_3_Init
 .text.IDAC8_3_Start
                0x00002408       0x24 .\CortexM3\ARM_GCC_541\Debug\WOTAN.a(IDAC8_3.o)
                0x00002408                IDAC8_3_Start
 .text.DMA_DAC_3_DmaInitialize
                0x0000242c       0x3c .\CortexM3\ARM_GCC_541\Debug\WOTAN.a(DMA_DAC_3_dma.o)
                0x0000242c                DMA_DAC_3_DmaInitialize
 .text.isr_DAC_2_SetVector
                0x00002468        0xc .\CortexM3\ARM_GCC_541\Debug\WOTAN.a(isr_DAC_2.o)
                0x00002468                isr_DAC_2_SetVector
 .text.isr_DAC_2_SetPriority
                0x00002474       0x10 .\CortexM3\ARM_GCC_541\Debug\WOTAN.a(isr_DAC_2.o)
                0x00002474                isr_DAC_2_SetPriority
 .text.isr_DAC_2_Enable
                0x00002484        0xc .\CortexM3\ARM_GCC_541\Debug\WOTAN.a(isr_DAC_2.o)
                0x00002484                isr_DAC_2_Enable
 .text.isr_DAC_2_Disable
                0x00002490        0xc .\CortexM3\ARM_GCC_541\Debug\WOTAN.a(isr_DAC_2.o)
                0x00002490                isr_DAC_2_Disable
 .text.isr_DAC_2_StartEx
                0x0000249c       0x1c .\CortexM3\ARM_GCC_541\Debug\WOTAN.a(isr_DAC_2.o)
                0x0000249c                isr_DAC_2_StartEx
 .text.ShiftReg_3_EnableInt
                0x000024b8       0x1c .\CortexM3\ARM_GCC_541\Debug\WOTAN.a(ShiftReg_3.o)
                0x000024b8                ShiftReg_3_EnableInt
 .text.ShiftReg_3_Enable
                0x000024d4       0x18 .\CortexM3\ARM_GCC_541\Debug\WOTAN.a(ShiftReg_3.o)
                0x000024d4                ShiftReg_3_Enable
 .text.ShiftReg_3_DisableInt
                0x000024ec       0x1c .\CortexM3\ARM_GCC_541\Debug\WOTAN.a(ShiftReg_3.o)
                0x000024ec                ShiftReg_3_DisableInt
 .text.ShiftReg_3_Stop
                0x00002508       0x18 .\CortexM3\ARM_GCC_541\Debug\WOTAN.a(ShiftReg_3.o)
                0x00002508                ShiftReg_3_Stop
 .text.ShiftReg_3_SetIntMode
                0x00002520       0x1c .\CortexM3\ARM_GCC_541\Debug\WOTAN.a(ShiftReg_3.o)
                0x00002520                ShiftReg_3_SetIntMode
 .text.ShiftReg_3_Init
                0x0000253c        0xc .\CortexM3\ARM_GCC_541\Debug\WOTAN.a(ShiftReg_3.o)
                0x0000253c                ShiftReg_3_Init
 .text.ShiftReg_3_Start
                0x00002548       0x1c .\CortexM3\ARM_GCC_541\Debug\WOTAN.a(ShiftReg_3.o)
                0x00002548                ShiftReg_3_Start
 .text.ShiftReg_3_WriteRegValue
                0x00002564        0xc .\CortexM3\ARM_GCC_541\Debug\WOTAN.a(ShiftReg_3.o)
                0x00002564                ShiftReg_3_WriteRegValue
 .text.IDAC8_4_Enable
                0x00002570       0x1c .\CortexM3\ARM_GCC_541\Debug\WOTAN.a(IDAC8_4.o)
                0x00002570                IDAC8_4_Enable
 .text.IDAC8_4_SetSpeed
                0x0000258c       0x1c .\CortexM3\ARM_GCC_541\Debug\WOTAN.a(IDAC8_4.o)
                0x0000258c                IDAC8_4_SetSpeed
 .text.IDAC8_4_SetValue
                0x000025a8        0xc .\CortexM3\ARM_GCC_541\Debug\WOTAN.a(IDAC8_4.o)
                0x000025a8                IDAC8_4_SetValue
 .text.IDAC8_4_DacTrim
                0x000025b4       0x34 .\CortexM3\ARM_GCC_541\Debug\WOTAN.a(IDAC8_4.o)
                0x000025b4                IDAC8_4_DacTrim
 .text.IDAC8_4_Init
                0x000025e8       0x24 .\CortexM3\ARM_GCC_541\Debug\WOTAN.a(IDAC8_4.o)
                0x000025e8                IDAC8_4_Init
 .text.IDAC8_4_Start
                0x0000260c       0x24 .\CortexM3\ARM_GCC_541\Debug\WOTAN.a(IDAC8_4.o)
                0x0000260c                IDAC8_4_Start
 .text.DMA_DAC_4_DmaInitialize
                0x00002630       0x3c .\CortexM3\ARM_GCC_541\Debug\WOTAN.a(DMA_DAC_4_dma.o)
                0x00002630                DMA_DAC_4_DmaInitialize
 .text.isr_DAC_3_SetVector
                0x0000266c        0xc .\CortexM3\ARM_GCC_541\Debug\WOTAN.a(isr_DAC_3.o)
                0x0000266c                isr_DAC_3_SetVector
 .text.isr_DAC_3_SetPriority
                0x00002678       0x10 .\CortexM3\ARM_GCC_541\Debug\WOTAN.a(isr_DAC_3.o)
                0x00002678                isr_DAC_3_SetPriority
 .text.isr_DAC_3_Enable
                0x00002688       0x10 .\CortexM3\ARM_GCC_541\Debug\WOTAN.a(isr_DAC_3.o)
                0x00002688                isr_DAC_3_Enable
 .text.isr_DAC_3_Disable
                0x00002698       0x10 .\CortexM3\ARM_GCC_541\Debug\WOTAN.a(isr_DAC_3.o)
                0x00002698                isr_DAC_3_Disable
 .text.isr_DAC_3_StartEx
                0x000026a8       0x1c .\CortexM3\ARM_GCC_541\Debug\WOTAN.a(isr_DAC_3.o)
                0x000026a8                isr_DAC_3_StartEx
 .text.ShiftReg_4_EnableInt
                0x000026c4       0x1c .\CortexM3\ARM_GCC_541\Debug\WOTAN.a(ShiftReg_4.o)
                0x000026c4                ShiftReg_4_EnableInt
 .text.ShiftReg_4_Enable
                0x000026e0       0x18 .\CortexM3\ARM_GCC_541\Debug\WOTAN.a(ShiftReg_4.o)
                0x000026e0                ShiftReg_4_Enable
 .text.ShiftReg_4_DisableInt
                0x000026f8       0x1c .\CortexM3\ARM_GCC_541\Debug\WOTAN.a(ShiftReg_4.o)
                0x000026f8                ShiftReg_4_DisableInt
 .text.ShiftReg_4_Stop
                0x00002714       0x18 .\CortexM3\ARM_GCC_541\Debug\WOTAN.a(ShiftReg_4.o)
                0x00002714                ShiftReg_4_Stop
 .text.ShiftReg_4_SetIntMode
                0x0000272c       0x1c .\CortexM3\ARM_GCC_541\Debug\WOTAN.a(ShiftReg_4.o)
                0x0000272c                ShiftReg_4_SetIntMode
 .text.ShiftReg_4_Init
                0x00002748        0xc .\CortexM3\ARM_GCC_541\Debug\WOTAN.a(ShiftReg_4.o)
                0x00002748                ShiftReg_4_Init
 .text.ShiftReg_4_Start
                0x00002754       0x1c .\CortexM3\ARM_GCC_541\Debug\WOTAN.a(ShiftReg_4.o)
                0x00002754                ShiftReg_4_Start
 .text.ShiftReg_4_WriteRegValue
                0x00002770        0xc .\CortexM3\ARM_GCC_541\Debug\WOTAN.a(ShiftReg_4.o)
                0x00002770                ShiftReg_4_WriteRegValue
 .text.isr_DAC_4_SetVector
                0x0000277c        0xc .\CortexM3\ARM_GCC_541\Debug\WOTAN.a(isr_DAC_4.o)
                0x0000277c                isr_DAC_4_SetVector
 .text.isr_DAC_4_SetPriority
                0x00002788       0x10 .\CortexM3\ARM_GCC_541\Debug\WOTAN.a(isr_DAC_4.o)
                0x00002788                isr_DAC_4_SetPriority
 .text.isr_DAC_4_Enable
                0x00002798       0x10 .\CortexM3\ARM_GCC_541\Debug\WOTAN.a(isr_DAC_4.o)
                0x00002798                isr_DAC_4_Enable
 .text.isr_DAC_4_Disable
                0x000027a8       0x10 .\CortexM3\ARM_GCC_541\Debug\WOTAN.a(isr_DAC_4.o)
                0x000027a8                isr_DAC_4_Disable
 .text.isr_DAC_4_StartEx
                0x000027b8       0x1c .\CortexM3\ARM_GCC_541\Debug\WOTAN.a(isr_DAC_4.o)
                0x000027b8                isr_DAC_4_StartEx
 .text.FLASH_Write
                0x000027d4       0xa8 .\CortexM3\ARM_GCC_541\Debug\WOTAN.a(FLASH.o)
                0x000027d4                FLASH_Write
 .text.isr_ADC_1_SetVector
                0x0000287c        0xc .\CortexM3\ARM_GCC_541\Debug\WOTAN.a(isr_ADC_1.o)
                0x0000287c                isr_ADC_1_SetVector
 .text.isr_ADC_1_SetPriority
                0x00002888       0x10 .\CortexM3\ARM_GCC_541\Debug\WOTAN.a(isr_ADC_1.o)
                0x00002888                isr_ADC_1_SetPriority
 .text.isr_ADC_1_Enable
                0x00002898        0xc .\CortexM3\ARM_GCC_541\Debug\WOTAN.a(isr_ADC_1.o)
                0x00002898                isr_ADC_1_Enable
 .text.isr_ADC_1_Disable
                0x000028a4        0xc .\CortexM3\ARM_GCC_541\Debug\WOTAN.a(isr_ADC_1.o)
                0x000028a4                isr_ADC_1_Disable
 .text.isr_ADC_1_StartEx
                0x000028b0       0x1c .\CortexM3\ARM_GCC_541\Debug\WOTAN.a(isr_ADC_1.o)
                0x000028b0                isr_ADC_1_StartEx
 .text.ChannelSel_Start
                0x000028cc       0x20 .\CortexM3\ARM_GCC_541\Debug\WOTAN.a(ChannelSel.o)
                0x000028cc                ChannelSel_Start
 .text.ChannelSel_Select
                0x000028ec       0x18 .\CortexM3\ARM_GCC_541\Debug\WOTAN.a(ChannelSel.o)
                0x000028ec                ChannelSel_Select
 .text.isr_ADC_2_SetVector
                0x00002904        0xc .\CortexM3\ARM_GCC_541\Debug\WOTAN.a(isr_ADC_2.o)
                0x00002904                isr_ADC_2_SetVector
 .text.isr_ADC_2_SetPriority
                0x00002910       0x10 .\CortexM3\ARM_GCC_541\Debug\WOTAN.a(isr_ADC_2.o)
                0x00002910                isr_ADC_2_SetPriority
 .text.isr_ADC_2_Enable
                0x00002920        0xc .\CortexM3\ARM_GCC_541\Debug\WOTAN.a(isr_ADC_2.o)
                0x00002920                isr_ADC_2_Enable
 .text.isr_ADC_2_Disable
                0x0000292c        0xc .\CortexM3\ARM_GCC_541\Debug\WOTAN.a(isr_ADC_2.o)
                0x0000292c                isr_ADC_2_Disable
 .text.isr_ADC_2_StartEx
                0x00002938       0x1c .\CortexM3\ARM_GCC_541\Debug\WOTAN.a(isr_ADC_2.o)
                0x00002938                isr_ADC_2_StartEx
 .text.refOut_Enable
                0x00002954       0x28 .\CortexM3\ARM_GCC_541\Debug\WOTAN.a(refOut.o)
                0x00002954                refOut_Enable
 .text.refOut_SetPower
                0x0000297c       0x1c .\CortexM3\ARM_GCC_541\Debug\WOTAN.a(refOut.o)
                0x0000297c                refOut_SetPower
 .text.refOut_Init
                0x00002998        0xc .\CortexM3\ARM_GCC_541\Debug\WOTAN.a(refOut.o)
                0x00002998                refOut_Init
 .text.refOut_Start
                0x000029a4       0x1c .\CortexM3\ARM_GCC_541\Debug\WOTAN.a(refOut.o)
                0x000029a4                refOut_Start
 .text.Track_Hold_1_Enable
                0x000029c0       0x28 .\CortexM3\ARM_GCC_541\Debug\WOTAN.a(Track_Hold_1.o)
                0x000029c0                Track_Hold_1_Enable
 .text.Track_Hold_1_SetPower
                0x000029e8       0x18 .\CortexM3\ARM_GCC_541\Debug\WOTAN.a(Track_Hold_1.o)
                0x000029e8                Track_Hold_1_SetPower
 .text.Track_Hold_1_Init
                0x00002a00       0x30 .\CortexM3\ARM_GCC_541\Debug\WOTAN.a(Track_Hold_1.o)
                0x00002a00                Track_Hold_1_Init
 .text.Track_Hold_1_Start
                0x00002a30       0x1c .\CortexM3\ARM_GCC_541\Debug\WOTAN.a(Track_Hold_1.o)
                0x00002a30                Track_Hold_1_Start
 .text.Track_Hold_2_Enable
                0x00002a4c       0x28 .\CortexM3\ARM_GCC_541\Debug\WOTAN.a(Track_Hold_2.o)
                0x00002a4c                Track_Hold_2_Enable
 .text.Track_Hold_2_SetPower
                0x00002a74       0x18 .\CortexM3\ARM_GCC_541\Debug\WOTAN.a(Track_Hold_2.o)
                0x00002a74                Track_Hold_2_SetPower
 .text.Track_Hold_2_Init
                0x00002a8c       0x30 .\CortexM3\ARM_GCC_541\Debug\WOTAN.a(Track_Hold_2.o)
                0x00002a8c                Track_Hold_2_Init
 .text.Track_Hold_2_Start
                0x00002abc       0x1c .\CortexM3\ARM_GCC_541\Debug\WOTAN.a(Track_Hold_2.o)
                0x00002abc                Track_Hold_2_Start
 .text.CompTrigger_Enable
                0x00002ad8       0x1c .\CortexM3\ARM_GCC_541\Debug\WOTAN.a(CompTrigger.o)
                0x00002ad8                CompTrigger_Enable
 .text.CompTrigger_SetSpeed
                0x00002af4       0x58 .\CortexM3\ARM_GCC_541\Debug\WOTAN.a(CompTrigger.o)
                0x00002af4                CompTrigger_SetSpeed
 .text.CompTrigger_Init
                0x00002b4c       0x3c .\CortexM3\ARM_GCC_541\Debug\WOTAN.a(CompTrigger.o)
                0x00002b4c                CompTrigger_Init
 .text.CompTrigger_Start
                0x00002b88       0x1c .\CortexM3\ARM_GCC_541\Debug\WOTAN.a(CompTrigger.o)
                0x00002b88                CompTrigger_Start
 .text.isrTrigger_SetVector
                0x00002ba4        0xc .\CortexM3\ARM_GCC_541\Debug\WOTAN.a(isrTrigger.o)
                0x00002ba4                isrTrigger_SetVector
 .text.isrTrigger_SetPriority
                0x00002bb0       0x10 .\CortexM3\ARM_GCC_541\Debug\WOTAN.a(isrTrigger.o)
                0x00002bb0                isrTrigger_SetPriority
 .text.isrTrigger_Enable
                0x00002bc0        0xc .\CortexM3\ARM_GCC_541\Debug\WOTAN.a(isrTrigger.o)
                0x00002bc0                isrTrigger_Enable
 .text.isrTrigger_Disable
                0x00002bcc        0xc .\CortexM3\ARM_GCC_541\Debug\WOTAN.a(isrTrigger.o)
                0x00002bcc                isrTrigger_Disable
 .text.isrTrigger_StartEx
                0x00002bd8       0x1c .\CortexM3\ARM_GCC_541\Debug\WOTAN.a(isrTrigger.o)
                0x00002bd8                isrTrigger_StartEx
 .text.pwmSAMPLING_Enable
                0x00002bf4       0x28 .\CortexM3\ARM_GCC_541\Debug\WOTAN.a(pwmSAMPLING.o)
                0x00002bf4                pwmSAMPLING_Enable
 .text.pwmSAMPLING_WritePeriod
                0x00002c1c        0xc .\CortexM3\ARM_GCC_541\Debug\WOTAN.a(pwmSAMPLING.o)
                0x00002c1c                pwmSAMPLING_WritePeriod
 .text.pwmSAMPLING_WriteCompare
                0x00002c28        0xc .\CortexM3\ARM_GCC_541\Debug\WOTAN.a(pwmSAMPLING.o)
                0x00002c28                pwmSAMPLING_WriteCompare
 .text.pwmSAMPLING_SetInterruptMode
                0x00002c34        0xc .\CortexM3\ARM_GCC_541\Debug\WOTAN.a(pwmSAMPLING.o)
                0x00002c34                pwmSAMPLING_SetInterruptMode
 .text.pwmSAMPLING_Init
                0x00002c40       0x74 .\CortexM3\ARM_GCC_541\Debug\WOTAN.a(pwmSAMPLING.o)
                0x00002c40                pwmSAMPLING_Init
 .text.pwmSAMPLING_Start
                0x00002cb4       0x1c .\CortexM3\ARM_GCC_541\Debug\WOTAN.a(pwmSAMPLING.o)
                0x00002cb4                pwmSAMPLING_Start
 .text.sigBuf_Enable
                0x00002cd0       0x28 .\CortexM3\ARM_GCC_541\Debug\WOTAN.a(sigBuf.o)
                0x00002cd0                sigBuf_Enable
 .text.sigBuf_SetPower
                0x00002cf8       0x1c .\CortexM3\ARM_GCC_541\Debug\WOTAN.a(sigBuf.o)
                0x00002cf8                sigBuf_SetPower
 .text.sigBuf_Init
                0x00002d14        0xc .\CortexM3\ARM_GCC_541\Debug\WOTAN.a(sigBuf.o)
                0x00002d14                sigBuf_Init
 .text.sigBuf_Start
                0x00002d20       0x1c .\CortexM3\ARM_GCC_541\Debug\WOTAN.a(sigBuf.o)
                0x00002d20                sigBuf_Start
 .text.internTrigger_Write
                0x00002d3c        0xc .\CortexM3\ARM_GCC_541\Debug\WOTAN.a(internTrigger.o)
                0x00002d3c                internTrigger_Write
 .text          0x00002d48       0x20 .\CortexM3\ARM_GCC_541\Debug\WOTAN.a(CyBootAsmGnu.o)
                0x00002d48                CyDelayCycles
                0x00002d58                CyEnterCriticalSection
                0x00002d60                CyExitCriticalSection
 .text.CyFlashGetSpcAlgorithm
                0x00002d68       0x4c .\CortexM3\ARM_GCC_541\Debug\WOTAN.a(CyFlash.o)
 .text.CySetTempInt
                0x00002db4       0x60 .\CortexM3\ARM_GCC_541\Debug\WOTAN.a(CyFlash.o)
 .text.CySetTemp
                0x00002e14       0x14 .\CortexM3\ARM_GCC_541\Debug\WOTAN.a(CyFlash.o)
                0x00002e14                CySetTemp
 .text.CySetFlashEEBuffer
                0x00002e28       0x20 .\CortexM3\ARM_GCC_541\Debug\WOTAN.a(CyFlash.o)
                0x00002e28                CySetFlashEEBuffer
 .text.CyWriteRowFull
                0x00002e48       0xf8 .\CortexM3\ARM_GCC_541\Debug\WOTAN.a(CyFlash.o)
                0x00002e48                CyWriteRowFull
 .text.CyWriteRowData
                0x00002f40       0x14 .\CortexM3\ARM_GCC_541\Debug\WOTAN.a(CyFlash.o)
                0x00002f40                CyWriteRowData
 .text.CySpcStart
                0x00002f54       0x24 .\CortexM3\ARM_GCC_541\Debug\WOTAN.a(CySpc.o)
                0x00002f54                CySpcStart
 .text.CySpcReadData
                0x00002f78       0x34 .\CortexM3\ARM_GCC_541\Debug\WOTAN.a(CySpc.o)
                0x00002f78                CySpcReadData
 .text.CySpcLoadRowFull
                0x00002fac       0x80 .\CortexM3\ARM_GCC_541\Debug\WOTAN.a(CySpc.o)
                0x00002fac                CySpcLoadRowFull
 .text.CySpcWriteRow
                0x0000302c       0x4c .\CortexM3\ARM_GCC_541\Debug\WOTAN.a(CySpc.o)
                0x0000302c                CySpcWriteRow
 .text.CySpcGetTemp
                0x00003078       0x3c .\CortexM3\ARM_GCC_541\Debug\WOTAN.a(CySpc.o)
                0x00003078                CySpcGetTemp
 .text.CySpcLock
                0x000030b4       0x4c .\CortexM3\ARM_GCC_541\Debug\WOTAN.a(CySpc.o)
                0x000030b4                CySpcLock
 .text.CySpcUnlock
                0x00003100       0x38 .\CortexM3\ARM_GCC_541\Debug\WOTAN.a(CySpc.o)
                0x00003100                CySpcUnlock
 .text.CySpcGetAlgorithm
                0x00003138       0x28 .\CortexM3\ARM_GCC_541\Debug\WOTAN.a(CySpc.o)
                0x00003138                CySpcGetAlgorithm
 .text.sin      0x00003160       0x90 d:/program files (x86)/cypress/psoc creator/4.1/psoc creator/import/gnu/arm/5.4.1/bin/../lib/gcc/arm-none-eabi/5.4.1/../../../../arm-none-eabi/lib/armv7-m\libm.a(lib_a-s_sin.o)
                0x00003160                sin
 .text.__ieee754_rem_pio2
                0x000031f0      0x42c d:/program files (x86)/cypress/psoc creator/4.1/psoc creator/import/gnu/arm/5.4.1/bin/../lib/gcc/arm-none-eabi/5.4.1/../../../../arm-none-eabi/lib/armv7-m\libm.a(lib_a-e_rem_pio2.o)
                0x000031f0                __ieee754_rem_pio2
 *fill*         0x0000361c        0x4 
 .text.__kernel_cos
                0x00003620      0x248 d:/program files (x86)/cypress/psoc creator/4.1/psoc creator/import/gnu/arm/5.4.1/bin/../lib/gcc/arm-none-eabi/5.4.1/../../../../arm-none-eabi/lib/armv7-m\libm.a(lib_a-k_cos.o)
                0x00003620                __kernel_cos
 .text.__kernel_rem_pio2
                0x00003868      0x7f0 d:/program files (x86)/cypress/psoc creator/4.1/psoc creator/import/gnu/arm/5.4.1/bin/../lib/gcc/arm-none-eabi/5.4.1/../../../../arm-none-eabi/lib/armv7-m\libm.a(lib_a-k_rem_pio2.o)
                0x00003868                __kernel_rem_pio2
 .text.__kernel_sin
                0x00004058      0x16c d:/program files (x86)/cypress/psoc creator/4.1/psoc creator/import/gnu/arm/5.4.1/bin/../lib/gcc/arm-none-eabi/5.4.1/../../../../arm-none-eabi/lib/armv7-m\libm.a(lib_a-k_sin.o)
                0x00004058                __kernel_sin
 .text.fabs     0x000041c4        0x8 d:/program files (x86)/cypress/psoc creator/4.1/psoc creator/import/gnu/arm/5.4.1/bin/../lib/gcc/arm-none-eabi/5.4.1/../../../../arm-none-eabi/lib/armv7-m\libm.a(lib_a-s_fabs.o)
                0x000041c4                fabs
 *fill*         0x000041cc        0x4 
 .text.floor    0x000041d0      0x110 d:/program files (x86)/cypress/psoc creator/4.1/psoc creator/import/gnu/arm/5.4.1/bin/../lib/gcc/arm-none-eabi/5.4.1/../../../../arm-none-eabi/lib/armv7-m\libm.a(lib_a-s_floor.o)
                0x000041d0                floor
 .text.scalbn   0x000042e0       0xe4 d:/program files (x86)/cypress/psoc creator/4.1/psoc creator/import/gnu/arm/5.4.1/bin/../lib/gcc/arm-none-eabi/5.4.1/../../../../arm-none-eabi/lib/armv7-m\libm.a(lib_a-s_scalbn.o)
                0x000042e0                scalbn
 .text.copysign
                0x000043c4       0x10 d:/program files (x86)/cypress/psoc creator/4.1/psoc creator/import/gnu/arm/5.4.1/bin/../lib/gcc/arm-none-eabi/5.4.1/../../../../arm-none-eabi/lib/armv7-m\libm.a(lib_a-s_copysign.o)
                0x000043c4                copysign
 .text          0x000043d4      0x370 d:/program files (x86)/cypress/psoc creator/4.1/psoc creator/import/gnu/arm/5.4.1/bin/../lib/gcc/arm-none-eabi/5.4.1/armv7-m\libgcc.a(_arm_addsubdf3.o)
                0x000043d4                __aeabi_drsub
                0x000043dc                __aeabi_dsub
                0x000043dc                __subdf3
                0x000043e0                __aeabi_dadd
                0x000043e0                __adddf3
                0x00004658                __floatunsidf
                0x00004658                __aeabi_ui2d
                0x00004678                __floatsidf
                0x00004678                __aeabi_i2d
                0x0000469c                __aeabi_f2d
                0x0000469c                __extendsfdf2
                0x000046d8                __floatundidf
                0x000046d8                __aeabi_ul2d
                0x000046e8                __floatdidf
                0x000046e8                __aeabi_l2d
 .text          0x00004744      0x424 d:/program files (x86)/cypress/psoc creator/4.1/psoc creator/import/gnu/arm/5.4.1/bin/../lib/gcc/arm-none-eabi/5.4.1/armv7-m\libgcc.a(_arm_muldivdf3.o)
                0x00004744                __aeabi_dmul
                0x00004744                __muldf3
                0x00004998                __divdf3
                0x00004998                __aeabi_ddiv
 .text          0x00004b68      0x110 d:/program files (x86)/cypress/psoc creator/4.1/psoc creator/import/gnu/arm/5.4.1/bin/../lib/gcc/arm-none-eabi/5.4.1/armv7-m\libgcc.a(_arm_cmpdf2.o)
                0x00004b68                __gtdf2
                0x00004b68                __gedf2
                0x00004b70                __ltdf2
                0x00004b70                __ledf2
                0x00004b78                __nedf2
                0x00004b78                __eqdf2
                0x00004b78                __cmpdf2
                0x00004bf4                __aeabi_cdrcmple
                0x00004c04                __aeabi_cdcmpeq
                0x00004c04                __aeabi_cdcmple
                0x00004c14                __aeabi_dcmpeq
                0x00004c28                __aeabi_dcmplt
                0x00004c3c                __aeabi_dcmple
                0x00004c50                __aeabi_dcmpge
                0x00004c64                __aeabi_dcmpgt
 .text          0x00004c78       0x50 d:/program files (x86)/cypress/psoc creator/4.1/psoc creator/import/gnu/arm/5.4.1/bin/../lib/gcc/arm-none-eabi/5.4.1/armv7-m\libgcc.a(_arm_fixdfsi.o)
                0x00004c78                __aeabi_d2iz
                0x00004c78                __fixdfsi
 .text          0x00004cc8       0x40 d:/program files (x86)/cypress/psoc creator/4.1/psoc creator/import/gnu/arm/5.4.1/bin/../lib/gcc/arm-none-eabi/5.4.1/armv7-m\libgcc.a(_arm_fixunsdfsi.o)
                0x00004cc8                __aeabi_d2uiz
                0x00004cc8                __fixunsdfsi
 .text          0x00004d08      0x21c d:/program files (x86)/cypress/psoc creator/4.1/psoc creator/import/gnu/arm/5.4.1/bin/../lib/gcc/arm-none-eabi/5.4.1/armv7-m\libgcc.a(_arm_addsubsf3.o)
                0x00004d08                __aeabi_frsub
                0x00004d10                __subsf3
                0x00004d10                __aeabi_fsub
                0x00004d14                __aeabi_fadd
                0x00004d14                __addsf3
                0x00004e74                __aeabi_ui2f
                0x00004e74                __floatunsisf
                0x00004e7c                __aeabi_i2f
                0x00004e7c                __floatsisf
                0x00004e98                __aeabi_ul2f
                0x00004e98                __floatundisf
                0x00004ea8                __aeabi_l2f
                0x00004ea8                __floatdisf
 .text          0x00004f24      0x2a0 d:/program files (x86)/cypress/psoc creator/4.1/psoc creator/import/gnu/arm/5.4.1/bin/../lib/gcc/arm-none-eabi/5.4.1/armv7-m\libgcc.a(_arm_muldivsf3.o)
                0x00004f24                __mulsf3
                0x00004f24                __aeabi_fmul
                0x0000508c                __aeabi_fdiv
                0x0000508c                __divsf3
 .text.__errno  0x000051c4        0xc d:/program files (x86)/cypress/psoc creator/4.1/psoc creator/import/gnu/arm/5.4.1/bin/../lib/gcc/arm-none-eabi/5.4.1/../../../../arm-none-eabi/lib/armv7-m\libg_nano.a(lib_a-errno.o)
                0x000051c4                __errno
 .text.__libc_init_array
                0x000051d0       0x4c d:/program files (x86)/cypress/psoc creator/4.1/psoc creator/import/gnu/arm/5.4.1/bin/../lib/gcc/arm-none-eabi/5.4.1/../../../../arm-none-eabi/lib/armv7-m\libg_nano.a(lib_a-init.o)
                0x000051d0                __libc_init_array
 .text.memcpy   0x0000521c       0x16 d:/program files (x86)/cypress/psoc creator/4.1/psoc creator/import/gnu/arm/5.4.1/bin/../lib/gcc/arm-none-eabi/5.4.1/../../../../arm-none-eabi/lib/armv7-m\libg_nano.a(lib_a-memcpy-stub.o)
                0x0000521c                memcpy
 .text.memset   0x00005232       0x10 d:/program files (x86)/cypress/psoc creator/4.1/psoc creator/import/gnu/arm/5.4.1/bin/../lib/gcc/arm-none-eabi/5.4.1/../../../../arm-none-eabi/lib/armv7-m\libg_nano.a(lib_a-memset.o)
                0x00005232                memset
 *fill*         0x00005242        0x2 
 .text.sprintf  0x00005244       0x48 d:/program files (x86)/cypress/psoc creator/4.1/psoc creator/import/gnu/arm/5.4.1/bin/../lib/gcc/arm-none-eabi/5.4.1/../../../../arm-none-eabi/lib/armv7-m\libg_nano.a(lib_a-sprintf.o)
                0x00005244                siprintf
                0x00005244                sprintf
 .text.__ssputs_r
                0x0000528c       0xb2 d:/program files (x86)/cypress/psoc creator/4.1/psoc creator/import/gnu/arm/5.4.1/bin/../lib/gcc/arm-none-eabi/5.4.1/../../../../arm-none-eabi/lib/armv7-m\libg_nano.a(lib_a-nano-svfprintf.o)
                0x0000528c                __ssputs_r
 *fill*         0x0000533e        0x2 
 .text._svfprintf_r
                0x00005340      0x1e8 d:/program files (x86)/cypress/psoc creator/4.1/psoc creator/import/gnu/arm/5.4.1/bin/../lib/gcc/arm-none-eabi/5.4.1/../../../../arm-none-eabi/lib/armv7-m\libg_nano.a(lib_a-nano-svfprintf.o)
                0x00005340                _svfiprintf_r
                0x00005340                _svfprintf_r
 .text._printf_common
                0x00005528       0xec d:/program files (x86)/cypress/psoc creator/4.1/psoc creator/import/gnu/arm/5.4.1/bin/../lib/gcc/arm-none-eabi/5.4.1/../../../../arm-none-eabi/lib/armv7-m\libg_nano.a(lib_a-nano-vfprintf_i.o)
                0x00005528                _printf_common
 .text._printf_i
                0x00005614      0x24c d:/program files (x86)/cypress/psoc creator/4.1/psoc creator/import/gnu/arm/5.4.1/bin/../lib/gcc/arm-none-eabi/5.4.1/../../../../arm-none-eabi/lib/armv7-m\libg_nano.a(lib_a-nano-vfprintf_i.o)
                0x00005614                _printf_i
 .text.memchr   0x00005860       0x1c d:/program files (x86)/cypress/psoc creator/4.1/psoc creator/import/gnu/arm/5.4.1/bin/../lib/gcc/arm-none-eabi/5.4.1/../../../../arm-none-eabi/lib/armv7-m\libg_nano.a(lib_a-memchr-stub.o)
                0x00005860                memchr
 .text.memmove  0x0000587c       0x36 d:/program files (x86)/cypress/psoc creator/4.1/psoc creator/import/gnu/arm/5.4.1/bin/../lib/gcc/arm-none-eabi/5.4.1/../../../../arm-none-eabi/lib/armv7-m\libg_nano.a(lib_a-memmove.o)
                0x0000587c                memmove
 *fill*         0x000058b2        0x2 
 .text._free_r  0x000058b4       0x98 d:/program files (x86)/cypress/psoc creator/4.1/psoc creator/import/gnu/arm/5.4.1/bin/../lib/gcc/arm-none-eabi/5.4.1/../../../../arm-none-eabi/lib/armv7-m\libg_nano.a(lib_a-nano-freer.o)
                0x000058b4                _free_r
 .text._malloc_r
                0x0000594c       0xbc d:/program files (x86)/cypress/psoc creator/4.1/psoc creator/import/gnu/arm/5.4.1/bin/../lib/gcc/arm-none-eabi/5.4.1/../../../../arm-none-eabi/lib/armv7-m\libg_nano.a(lib_a-nano-mallocr.o)
                0x0000594c                _malloc_r
 .text._realloc_r
                0x00005a08       0x4c d:/program files (x86)/cypress/psoc creator/4.1/psoc creator/import/gnu/arm/5.4.1/bin/../lib/gcc/arm-none-eabi/5.4.1/../../../../arm-none-eabi/lib/armv7-m\libg_nano.a(lib_a-nano-reallocr.o)
                0x00005a08                _realloc_r
 .text._sbrk_r  0x00005a54       0x20 d:/program files (x86)/cypress/psoc creator/4.1/psoc creator/import/gnu/arm/5.4.1/bin/../lib/gcc/arm-none-eabi/5.4.1/../../../../arm-none-eabi/lib/armv7-m\libg_nano.a(lib_a-sbrkr.o)
                0x00005a54                _sbrk_r
 .text.__malloc_lock
                0x00005a74        0x2 d:/program files (x86)/cypress/psoc creator/4.1/psoc creator/import/gnu/arm/5.4.1/bin/../lib/gcc/arm-none-eabi/5.4.1/../../../../arm-none-eabi/lib/armv7-m\libg_nano.a(lib_a-mlock.o)
                0x00005a74                __malloc_lock
 .text.__malloc_unlock
                0x00005a76        0x2 d:/program files (x86)/cypress/psoc creator/4.1/psoc creator/import/gnu/arm/5.4.1/bin/../lib/gcc/arm-none-eabi/5.4.1/../../../../arm-none-eabi/lib/armv7-m\libg_nano.a(lib_a-mlock.o)
                0x00005a76                __malloc_unlock
 .text._malloc_usable_size_r
                0x00005a78       0x14 d:/program files (x86)/cypress/psoc creator/4.1/psoc creator/import/gnu/arm/5.4.1/bin/../lib/gcc/arm-none-eabi/5.4.1/../../../../arm-none-eabi/lib/armv7-m\libg_nano.a(lib_a-nano-msizer.o)
                0x00005a78                _malloc_usable_size_r
 *(.plt)
 *(.gnu.warning)
 *(.glue_7t)
 .glue_7t       0x00005a8c        0x0 linker stubs
 *(.glue_7)
 .glue_7        0x00005a8c        0x0 linker stubs
 *(.vfp11_veneer)
 .vfp11_veneer  0x00005a8c        0x0 linker stubs
 *(.bootloader)
 *(.ARM.extab* .gnu.linkonce.armextab.*)
 *(.gcc_except_table)

.v4_bx          0x00005a8c        0x0
 .v4_bx         0x00005a8c        0x0 linker stubs

.iplt           0x00005a8c        0x0
 .iplt          0x00005a8c        0x0 d:/program files (x86)/cypress/psoc creator/4.1/psoc creator/import/gnu/arm/5.4.1/bin/../lib/gcc/arm-none-eabi/5.4.1/armv7-m/crtbegin.o

.eh_frame_hdr
 *(.eh_frame_hdr)

.eh_frame       0x00005a8c        0x4
 *(.eh_frame)
 .eh_frame      0x00005a8c        0x0 d:/program files (x86)/cypress/psoc creator/4.1/psoc creator/import/gnu/arm/5.4.1/bin/../lib/gcc/arm-none-eabi/5.4.1/armv7-m/crtbegin.o
 .eh_frame      0x00005a8c        0x4 d:/program files (x86)/cypress/psoc creator/4.1/psoc creator/import/gnu/arm/5.4.1/bin/../lib/gcc/arm-none-eabi/5.4.1/armv7-m/crtend.o
                [!provide]                PROVIDE (__exidx_start, .)

.ARM.exidx
 *(.ARM.exidx* .gnu.linkonce.armexidx.*)
                0x00005a90                __exidx_end = .

.rodata         0x00005a90      0x550
 *(.rodata .rodata.* .gnu.linkonce.r.*)
 .rodata.str1.4
                0x00005a90      0x2c0 .\CortexM3\ARM_GCC_541\Debug\main.o
                                0x2be (size before relaxing)
 .rodata        0x00005d50       0x46 .\CortexM3\ARM_GCC_541\Debug\cyfitter_cfg.o
                0x00005d50                ChannelSel__addrTable
                0x00005d64                ChannelSel__maskTable
 *fill*         0x00005d96        0x2 
 .rodata.npio2_hw
                0x00005d98       0x80 d:/program files (x86)/cypress/psoc creator/4.1/psoc creator/import/gnu/arm/5.4.1/bin/../lib/gcc/arm-none-eabi/5.4.1/../../../../arm-none-eabi/lib/armv7-m\libm.a(lib_a-e_rem_pio2.o)
 .rodata.two_over_pi
                0x00005e18      0x108 d:/program files (x86)/cypress/psoc creator/4.1/psoc creator/import/gnu/arm/5.4.1/bin/../lib/gcc/arm-none-eabi/5.4.1/../../../../arm-none-eabi/lib/armv7-m\libm.a(lib_a-e_rem_pio2.o)
 .rodata.init_jk
                0x00005f20       0x10 d:/program files (x86)/cypress/psoc creator/4.1/psoc creator/import/gnu/arm/5.4.1/bin/../lib/gcc/arm-none-eabi/5.4.1/../../../../arm-none-eabi/lib/armv7-m\libm.a(lib_a-k_rem_pio2.o)
 .rodata.PIo2   0x00005f30       0x40 d:/program files (x86)/cypress/psoc creator/4.1/psoc creator/import/gnu/arm/5.4.1/bin/../lib/gcc/arm-none-eabi/5.4.1/../../../../arm-none-eabi/lib/armv7-m\libm.a(lib_a-k_rem_pio2.o)
 .rodata.str1.1
                0x00005f70        0x2 d:/program files (x86)/cypress/psoc creator/4.1/psoc creator/import/gnu/arm/5.4.1/bin/../lib/gcc/arm-none-eabi/5.4.1/../../../../arm-none-eabi/lib/armv7-m\libg_nano.a(lib_a-impure.o)
 .rodata.str1.1
                0x00005f72       0x11 d:/program files (x86)/cypress/psoc creator/4.1/psoc creator/import/gnu/arm/5.4.1/bin/../lib/gcc/arm-none-eabi/5.4.1/../../../../arm-none-eabi/lib/armv7-m\libg_nano.a(lib_a-nano-svfprintf.o)
 .rodata.str1.1
                0x00005f83       0x22 d:/program files (x86)/cypress/psoc creator/4.1/psoc creator/import/gnu/arm/5.4.1/bin/../lib/gcc/arm-none-eabi/5.4.1/../../../../arm-none-eabi/lib/armv7-m\libg_nano.a(lib_a-nano-vfprintf_i.o)
                0x00005fa8                . = ALIGN (0x4)
 *fill*         0x00005fa5        0x3 
 *(.init)
 .init          0x00005fa8        0x4 d:/program files (x86)/cypress/psoc creator/4.1/psoc creator/import/gnu/arm/5.4.1/bin/../lib/gcc/arm-none-eabi/5.4.1/armv7-m/crti.o
                0x00005fa8                _init
 .init          0x00005fac        0x8 d:/program files (x86)/cypress/psoc creator/4.1/psoc creator/import/gnu/arm/5.4.1/bin/../lib/gcc/arm-none-eabi/5.4.1/armv7-m/crtn.o
                0x00005fb4                . = ALIGN (0x4)
                0x00005fb4                __preinit_array_start = .
 *(.preinit_array)
                0x00005fb4                __preinit_array_end = .
                0x00005fb4                . = ALIGN (0x4)
                0x00005fb4                __init_array_start = .
 *(SORT(.init_array.*))
 *(.init_array)
 .init_array    0x00005fb4        0x4 d:/program files (x86)/cypress/psoc creator/4.1/psoc creator/import/gnu/arm/5.4.1/bin/../lib/gcc/arm-none-eabi/5.4.1/armv7-m/crtbegin.o
 .init_array    0x00005fb8        0x4 .\CortexM3\ARM_GCC_541\Debug\Cm3Start.o
                0x00005fbc                __init_array_end = .
                0x00005fbc                . = ALIGN (0x4)
 *(.fini)
 .fini          0x00005fbc        0x4 d:/program files (x86)/cypress/psoc creator/4.1/psoc creator/import/gnu/arm/5.4.1/bin/../lib/gcc/arm-none-eabi/5.4.1/armv7-m/crti.o
                0x00005fbc                _fini
 .fini          0x00005fc0        0x8 d:/program files (x86)/cypress/psoc creator/4.1/psoc creator/import/gnu/arm/5.4.1/bin/../lib/gcc/arm-none-eabi/5.4.1/armv7-m/crtn.o
                0x00005fc8                . = ALIGN (0x4)
                0x00005fc8                __fini_array_start = .
 *(.fini_array)
 .fini_array    0x00005fc8        0x4 d:/program files (x86)/cypress/psoc creator/4.1/psoc creator/import/gnu/arm/5.4.1/bin/../lib/gcc/arm-none-eabi/5.4.1/armv7-m/crtbegin.o
 *(SORT(.fini_array.*))
                0x00005fcc                __fini_array_end = .
                0x00005fcc                . = ALIGN (0x4)
 *crtbegin.o(.ctors)
 *(EXCLUDE_FILE(*crtend.o) .ctors)
 *(SORT(.ctors.*))
 *crtend.o(.ctors)
                0x00005fcc                . = ALIGN (0x4)
 *crtbegin.o(.dtors)
 *(EXCLUDE_FILE(*crtend.o) .dtors)
 *(SORT(.dtors.*))
 *crtend.o(.dtors)
                0x00005fcc                . = ALIGN (0x4)
                0x00005fcc                __cy_regions = .
                0x00005fcc        0x4 LONG 0x5fe0 __cy_region_init_ram
                0x00005fd0        0x4 LONG 0x1fff80c8 __cy_region_start_data
                0x00005fd4        0x4 LONG 0x100 __cy_region_init_size_ram
                0x00005fd8        0x4 LONG 0xec28 __cy_region_zero_size_ram
                0x00005fdc                __cy_regions_end = .
                0x00005fe0                . = ALIGN (0x8)
 *fill*         0x00005fdc        0x4 
                0x00005fe0                _etext = .

.cy_checksum_exclude
                0x00005fe0        0x0
 *(.cy_checksum_exclude)

.ramvectors     0x1fff8000       0xc0
                0x1fff8000                __cy_region_start_ram = .
 *(.ramvectors)
 .ramvectors    0x1fff8000       0xc0 .\CortexM3\ARM_GCC_541\Debug\Cm3Start.o
                0x1fff8000                CyRamVectors

.noinit         0x1fff80c0        0x1
 *(.noinit)
 .noinit        0x1fff80c0        0x1 .\CortexM3\ARM_GCC_541\Debug\WOTAN.a(CyLib.o)
                0x1fff80c0                CyResetStatus

.data           0x1fff80c8      0x100 load address 0x00005fe0
                0x1fff80c8                __cy_region_start_data = .
 *(.jcr)
 .jcr           0x1fff80c8        0x0 d:/program files (x86)/cypress/psoc creator/4.1/psoc creator/import/gnu/arm/5.4.1/bin/../lib/gcc/arm-none-eabi/5.4.1/armv7-m/crtbegin.o
 .jcr           0x1fff80c8        0x4 d:/program files (x86)/cypress/psoc creator/4.1/psoc creator/import/gnu/arm/5.4.1/bin/../lib/gcc/arm-none-eabi/5.4.1/armv7-m/crtend.o
 *(.got.plt)
 *(.got)
 *(.shdata)
 *(.data .data.* .gnu.linkonce.d.*)
 .data          0x1fff80cc       0x74 .\CortexM3\ARM_GCC_541\Debug\main.o
                0x1fff80cc                twMPI
                0x1fff80d0                twMPI_params
 .data          0x1fff8140        0x4 .\CortexM3\ARM_GCC_541\Debug\Cm3Start.o
 .data          0x1fff8144        0x8 .\CortexM3\ARM_GCC_541\Debug\WOTAN.a(CyDmac.o)
 .data          0x1fff814c       0x10 .\CortexM3\ARM_GCC_541\Debug\WOTAN.a(CyLib.o)
                0x1fff814c                cydelay_32k_ms
                0x1fff8150                cydelay_freq_khz
                0x1fff8154                cydelay_freq_mhz
                0x1fff8158                cydelay_freq_hz
 .data          0x1fff815c        0x1 .\CortexM3\ARM_GCC_541\Debug\WOTAN.a(DMA_ADC_1_dma.o)
                0x1fff815c                DMA_ADC_1_DmaHandle
 .data          0x1fff815d        0x1 .\CortexM3\ARM_GCC_541\Debug\WOTAN.a(DMA_ADC_2_dma.o)
                0x1fff815d                DMA_ADC_2_DmaHandle
 .data          0x1fff815e        0x1 .\CortexM3\ARM_GCC_541\Debug\WOTAN.a(DMA_DAC_1_dma.o)
                0x1fff815e                DMA_DAC_1_DmaHandle
 .data          0x1fff815f        0x1 .\CortexM3\ARM_GCC_541\Debug\WOTAN.a(DMA_DAC_2_dma.o)
                0x1fff815f                DMA_DAC_2_DmaHandle
 .data          0x1fff8160        0x1 .\CortexM3\ARM_GCC_541\Debug\WOTAN.a(DMA_DAC_3_dma.o)
                0x1fff8160                DMA_DAC_3_DmaHandle
 .data          0x1fff8161        0x1 .\CortexM3\ARM_GCC_541\Debug\WOTAN.a(DMA_DAC_4_dma.o)
                0x1fff8161                DMA_DAC_4_DmaHandle
 .data          0x1fff8162        0x1 .\CortexM3\ARM_GCC_541\Debug\WOTAN.a(ChannelSel.o)
 *fill*         0x1fff8163        0x1 
 .data.impure_data
                0x1fff8164       0x60 d:/program files (x86)/cypress/psoc creator/4.1/psoc creator/import/gnu/arm/5.4.1/bin/../lib/gcc/arm-none-eabi/5.4.1/../../../../arm-none-eabi/lib/armv7-m\libg_nano.a(lib_a-impure.o)
 .data._impure_ptr
                0x1fff81c4        0x4 d:/program files (x86)/cypress/psoc creator/4.1/psoc creator/import/gnu/arm/5.4.1/bin/../lib/gcc/arm-none-eabi/5.4.1/../../../../arm-none-eabi/lib/armv7-m\libg_nano.a(lib_a-impure.o)
                0x1fff81c4                _impure_ptr
                0x1fff81c8                . = ALIGN (0x8)
 *(.ram)
                0x1fff81c8                _edata = .

.igot.plt       0x1fff81c8        0x0 load address 0x000060e0
 .igot.plt      0x1fff81c8        0x0 d:/program files (x86)/cypress/psoc creator/4.1/psoc creator/import/gnu/arm/5.4.1/bin/../lib/gcc/arm-none-eabi/5.4.1/armv7-m/crtbegin.o

.bss            0x1fff81c8     0xec28 load address 0x000060e0
                0x1fff81c8                PROVIDE (__bss_start__, .)
 *(.shbss)
 *(.bss .bss.* .gnu.linkonce.b.*)
 .bss           0x1fff81c8       0x1c d:/program files (x86)/cypress/psoc creator/4.1/psoc creator/import/gnu/arm/5.4.1/bin/../lib/gcc/arm-none-eabi/5.4.1/armv7-m/crtbegin.o
 .bss           0x1fff81e4        0x4 .\CortexM3\ARM_GCC_541\Debug\main.o
                0x1fff81e4                current_chan
                0x1fff81e5                count_of_runs
                0x1fff81e6                nextRun
                0x1fff81e7                run_count_DAC_1
 .bss           0x1fff81e8        0x1 .\CortexM3\ARM_GCC_541\Debug\WOTAN.a(IDAC8_1.o)
                0x1fff81e8                IDAC8_1_initVar
 .bss           0x1fff81e9        0x1 .\CortexM3\ARM_GCC_541\Debug\WOTAN.a(ADC_SAR_1.o)
                0x1fff81e9                ADC_SAR_1_initVar
 .bss           0x1fff81ea        0x7 .\CortexM3\ARM_GCC_541\Debug\WOTAN.a(UART_1.o)
                0x1fff81ea                UART_1_errorStatus
                0x1fff81eb                UART_1_initVar
                0x1fff81ec                UART_1_rxBufferRead
                0x1fff81ed                UART_1_rxBufferWrite
                0x1fff81ee                UART_1_rxBufferLoopDetect
                0x1fff81ef                UART_1_rxBufferOverflow
 .bss           0x1fff81f1        0x1 .\CortexM3\ARM_GCC_541\Debug\WOTAN.a(ADC_SAR_2.o)
                0x1fff81f1                ADC_SAR_2_initVar
 .bss           0x1fff81f2        0x1 .\CortexM3\ARM_GCC_541\Debug\WOTAN.a(ShiftReg_1.o)
                0x1fff81f2                ShiftReg_1_initVar
 .bss           0x1fff81f3        0x1 .\CortexM3\ARM_GCC_541\Debug\WOTAN.a(IDAC8_2.o)
                0x1fff81f3                IDAC8_2_initVar
 .bss           0x1fff81f4        0x1 .\CortexM3\ARM_GCC_541\Debug\WOTAN.a(ShiftReg_2.o)
                0x1fff81f4                ShiftReg_2_initVar
 .bss           0x1fff81f5        0x1 .\CortexM3\ARM_GCC_541\Debug\WOTAN.a(IDAC8_3.o)
                0x1fff81f5                IDAC8_3_initVar
 .bss           0x1fff81f6        0x1 .\CortexM3\ARM_GCC_541\Debug\WOTAN.a(ShiftReg_3.o)
                0x1fff81f6                ShiftReg_3_initVar
 .bss           0x1fff81f7        0x1 .\CortexM3\ARM_GCC_541\Debug\WOTAN.a(IDAC8_4.o)
                0x1fff81f7                IDAC8_4_initVar
 .bss           0x1fff81f8        0x1 .\CortexM3\ARM_GCC_541\Debug\WOTAN.a(ShiftReg_4.o)
                0x1fff81f8                ShiftReg_4_initVar
 .bss           0x1fff81f9        0x1 .\CortexM3\ARM_GCC_541\Debug\WOTAN.a(refOut.o)
                0x1fff81f9                refOut_initVar
 .bss           0x1fff81fa        0x1 .\CortexM3\ARM_GCC_541\Debug\WOTAN.a(Track_Hold_1.o)
                0x1fff81fa                Track_Hold_1_initVar
 .bss           0x1fff81fb        0x1 .\CortexM3\ARM_GCC_541\Debug\WOTAN.a(Track_Hold_2.o)
                0x1fff81fb                Track_Hold_2_initVar
 .bss           0x1fff81fc        0x1 .\CortexM3\ARM_GCC_541\Debug\WOTAN.a(CompTrigger.o)
                0x1fff81fc                CompTrigger_initVar
 .bss           0x1fff81fd        0x1 .\CortexM3\ARM_GCC_541\Debug\WOTAN.a(pwmSAMPLING.o)
                0x1fff81fd                pwmSAMPLING_initVar
 .bss           0x1fff81fe        0x1 .\CortexM3\ARM_GCC_541\Debug\WOTAN.a(sigBuf.o)
                0x1fff81fe                sigBuf_initVar
 *fill*         0x1fff81ff        0x1 
 .bss           0x1fff8200        0x8 .\CortexM3\ARM_GCC_541\Debug\WOTAN.a(CySpc.o)
                0x1fff8200                SpcLockState
 .bss.__malloc_sbrk_start
                0x1fff8208        0x4 d:/program files (x86)/cypress/psoc creator/4.1/psoc creator/import/gnu/arm/5.4.1/bin/../lib/gcc/arm-none-eabi/5.4.1/../../../../arm-none-eabi/lib/armv7-m\libg_nano.a(lib_a-nano-mallocr.o)
                0x1fff8208                __malloc_sbrk_start
 .bss.__malloc_free_list
                0x1fff820c        0x4 d:/program files (x86)/cypress/psoc creator/4.1/psoc creator/import/gnu/arm/5.4.1/bin/../lib/gcc/arm-none-eabi/5.4.1/../../../../arm-none-eabi/lib/armv7-m\libg_nano.a(lib_a-nano-mallocr.o)
                0x1fff820c                __malloc_free_list
 *(COMMON)
 COMMON         0x1fff8210     0xeb5c .\CortexM3\ARM_GCC_541\Debug\main.o
                0x1fff8210                DMA_DAC_2_TD
                0x1fff8214                sms
                0x1fff8264                DMA_DAC_4_Chan
                0x1fff8268                signal_adc_2
                0x1ffff798                rxBuf
                0x1ffff79c                puttyIn
                0x1ffff800                DMA_DAC_1_Chan
                0x1ffff801                DMA_DAC_3_Chan
                0x1ffff802                DMA_ADC_2_Chan
                0x1ffff803                DMA_ADC_1_Chan
                0x1ffff804                DMA_ADC_1_TD
                0x1ffff818                DMA_DAC_1_TD
                0x1ffff81c                DMA_DAC_3_TD
                0x1ffff820                DMA_DAC_4_TD
                0x1ffff824                signal_adc_1
                0x20006d54                DMA_DAC_2_Chan
                0x20006d58                DMA_ADC_2_TD
 COMMON         0x20006d6c        0xa .\CortexM3\ARM_GCC_541\Debug\WOTAN.a(ADC_SAR_1.o)
                0x20006d6c                ADC_SAR_1_countsPerVolt
                0x20006d6e                ADC_SAR_1_shift
                0x20006d70                ADC_SAR_1_countsPer10Volt
                0x20006d74                ADC_SAR_1_offset
 *fill*         0x20006d76        0x2 
 COMMON         0x20006d78       0x64 .\CortexM3\ARM_GCC_541\Debug\WOTAN.a(UART_1.o)
                0x20006d78                UART_1_rxBuffer
 COMMON         0x20006ddc        0xa .\CortexM3\ARM_GCC_541\Debug\WOTAN.a(ADC_SAR_2.o)
                0x20006ddc                ADC_SAR_2_countsPer10Volt
                0x20006de0                ADC_SAR_2_shift
                0x20006de2                ADC_SAR_2_offset
                0x20006de4                ADC_SAR_2_countsPerVolt
 *fill*         0x20006de6        0x2 
 COMMON         0x20006de8        0x2 .\CortexM3\ARM_GCC_541\Debug\WOTAN.a(CyFlash.o)
                0x20006de8                dieTemperature
 *fill*         0x20006dea        0x2 
 COMMON         0x20006dec        0x4 d:/program files (x86)/cypress/psoc creator/4.1/psoc creator/import/gnu/arm/5.4.1/bin/../lib/gcc/arm-none-eabi/5.4.1/../../../../arm-none-eabi/lib/armv7-m\libg_nano.a(lib_a-reent.o)
                0x20006dec                errno
                0x20006df0                . = ALIGN (0x8)
 *(.ram.b)
                0x20006df0                _end = .
                0x20006df0                __end = .
                0x20006df0                PROVIDE (end, .)
                0x20006df0                PROVIDE (__bss_end__, .)
                0x00005fe0                __cy_region_init_ram = LOADADDR (.data)
                0x00000100                __cy_region_init_size_ram = (_edata - ADDR (.data))
                0x0000ec28                __cy_region_zero_size_ram = (_end - _edata)

.heap           0x20006df0       0x80 load address 0x000060e0
                0x20006df0                . = _end
                0x20006e70                . = (. + 0x80)
 *fill*         0x20006df0       0x80 
                0x20006e70                __cy_heap_limit = .

.stack          0x20007800      0x800
                0x20007800                __cy_stack_limit = .
                0x20008000                . = (. + 0x800)
 *fill*         0x20007800      0x800 
                0x00000001                ASSERT ((__cy_stack_limit >= __cy_heap_limit), region RAM overflowed with stack)
                0x00000000                cy_checksum_exclude_size = (CY_APPL_LOADABLE == 0x1)?SIZEOF (.cy_checksum_exclude):0x0
                0x00000001                ASSERT ((cy_checksum_exclude_size <= CY_CHECKSUM_EXCLUDE_SIZE), CY_BOOT: Section .cy_checksum_exclude size exceedes specified limit.)

.cyloadermeta
 *(.cyloadermeta)

.cyloadablemeta
 *(.cyloadablemeta)

.cyconfigecc    0x80000000      0x784
 *(.cyconfigecc)
 .cyconfigecc   0x80000000      0x784 .\CortexM3\ARM_GCC_541\Debug\cymetadata.o
                0x80000000                cy_meta_configecc

.cycustnvl      0x90000000        0x4
 *(.cycustnvl)
 .cycustnvl     0x90000000        0x4 .\CortexM3\ARM_GCC_541\Debug\cymetadata.o
                0x90000000                cy_meta_custnvl

.cywolatch      0x90100000        0x4
 *(.cywolatch)
 .cywolatch     0x90100000        0x4 .\CortexM3\ARM_GCC_541\Debug\cymetadata.o
                0x90100000                cy_meta_wonvl

.cyeeprom       0x90200000        0x0
 *(.cyeeprom)
                0x00000001                ASSERT ((. <= ((0x90200000 + ee_offset) + ee_size)), .cyeeprom data will not fit in EEPROM)

.cyflashprotect
                0x90400000      0x100
 *(.cyflashprotect)
 .cyflashprotect
                0x90400000      0x100 .\CortexM3\ARM_GCC_541\Debug\cymetadata.o
                0x90400000                cy_meta_flashprotect

.cymeta         0x90500000        0xc
 *(.cymeta)
 .cymeta        0x90500000        0xc .\CortexM3\ARM_GCC_541\Debug\cymetadata.o
                0x90500000                cy_metadata

.rel.dyn        0x000060e0        0x0 load address 0x9050000c
 .rel.iplt      0x000060e0        0x0 d:/program files (x86)/cypress/psoc creator/4.1/psoc creator/import/gnu/arm/5.4.1/bin/../lib/gcc/arm-none-eabi/5.4.1/armv7-m/crtbegin.o

.stab
 *(.stab)

.stabstr
 *(.stabstr)

.debug
 *(.debug)

.line
 *(.line)

.debug_srcinfo
 *(.debug_srcinfo)

.debug_sfnames
 *(.debug_sfnames)

.debug_aranges  0x00000000     0x1520
 *(.debug_aranges)
 .debug_aranges
                0x00000000       0xc8 .\CortexM3\ARM_GCC_541\Debug\main.o
 .debug_aranges
                0x000000c8       0x68 .\CortexM3\ARM_GCC_541\Debug\cyfitter_cfg.o
 .debug_aranges
                0x00000130       0x18 .\CortexM3\ARM_GCC_541\Debug\cymetadata.o
 .debug_aranges
                0x00000148       0x48 .\CortexM3\ARM_GCC_541\Debug\Cm3Start.o
 .debug_aranges
                0x00000190       0x60 .\CortexM3\ARM_GCC_541\Debug\WOTAN.a(IDAC8_1.o)
 .debug_aranges
                0x000001f0       0x38 .\CortexM3\ARM_GCC_541\Debug\WOTAN.a(LED.o)
 .debug_aranges
                0x00000228       0xd8 .\CortexM3\ARM_GCC_541\Debug\WOTAN.a(CyDmac.o)
 .debug_aranges
                0x00000300      0x2a0 .\CortexM3\ARM_GCC_541\Debug\WOTAN.a(CyLib.o)
 .debug_aranges
                0x000005a0       0x98 .\CortexM3\ARM_GCC_541\Debug\WOTAN.a(cyPm.o)
 .debug_aranges
                0x00000638       0xa8 .\CortexM3\ARM_GCC_541\Debug\WOTAN.a(ADC_SAR_1.o)
 .debug_aranges
                0x000006e0       0x20 .\CortexM3\ARM_GCC_541\Debug\WOTAN.a(ADC_SAR_1_INT.o)
 .debug_aranges
                0x00000700       0xf0 .\CortexM3\ARM_GCC_541\Debug\WOTAN.a(UART_1.o)
 .debug_aranges
                0x000007f0       0x20 .\CortexM3\ARM_GCC_541\Debug\WOTAN.a(UART_1_INT.o)
 .debug_aranges
                0x00000810       0x80 .\CortexM3\ARM_GCC_541\Debug\WOTAN.a(ADC_SAR_1_IRQ.o)
 .debug_aranges
                0x00000890       0x70 .\CortexM3\ARM_GCC_541\Debug\WOTAN.a(UART_1_IntClock.o)
 .debug_aranges
                0x00000900       0x28 .\CortexM3\ARM_GCC_541\Debug\WOTAN.a(DMA_ADC_1_dma.o)
 .debug_aranges
                0x00000928       0xa8 .\CortexM3\ARM_GCC_541\Debug\WOTAN.a(ADC_SAR_2.o)
 .debug_aranges
                0x000009d0       0x20 .\CortexM3\ARM_GCC_541\Debug\WOTAN.a(ADC_SAR_2_INT.o)
 .debug_aranges
                0x000009f0       0x28 .\CortexM3\ARM_GCC_541\Debug\WOTAN.a(DMA_ADC_2_dma.o)
 .debug_aranges
                0x00000a18       0x80 .\CortexM3\ARM_GCC_541\Debug\WOTAN.a(ADC_SAR_2_IRQ.o)
 .debug_aranges
                0x00000a98       0x70 .\CortexM3\ARM_GCC_541\Debug\WOTAN.a(ShiftReg_1.o)
 .debug_aranges
                0x00000b08       0x28 .\CortexM3\ARM_GCC_541\Debug\WOTAN.a(DMA_DAC_1_dma.o)
 .debug_aranges
                0x00000b30       0x60 .\CortexM3\ARM_GCC_541\Debug\WOTAN.a(IDAC8_2.o)
 .debug_aranges
                0x00000b90       0x28 .\CortexM3\ARM_GCC_541\Debug\WOTAN.a(DMA_DAC_2_dma.o)
 .debug_aranges
                0x00000bb8       0x80 .\CortexM3\ARM_GCC_541\Debug\WOTAN.a(isr_DAC_1.o)
 .debug_aranges
                0x00000c38       0x70 .\CortexM3\ARM_GCC_541\Debug\WOTAN.a(ShiftReg_2.o)
 .debug_aranges
                0x00000ca8       0x60 .\CortexM3\ARM_GCC_541\Debug\WOTAN.a(IDAC8_3.o)
 .debug_aranges
                0x00000d08       0x28 .\CortexM3\ARM_GCC_541\Debug\WOTAN.a(DMA_DAC_3_dma.o)
 .debug_aranges
                0x00000d30       0x80 .\CortexM3\ARM_GCC_541\Debug\WOTAN.a(isr_DAC_2.o)
 .debug_aranges
                0x00000db0       0x70 .\CortexM3\ARM_GCC_541\Debug\WOTAN.a(ShiftReg_3.o)
 .debug_aranges
                0x00000e20       0x60 .\CortexM3\ARM_GCC_541\Debug\WOTAN.a(IDAC8_4.o)
 .debug_aranges
                0x00000e80       0x28 .\CortexM3\ARM_GCC_541\Debug\WOTAN.a(DMA_DAC_4_dma.o)
 .debug_aranges
                0x00000ea8       0x80 .\CortexM3\ARM_GCC_541\Debug\WOTAN.a(isr_DAC_3.o)
 .debug_aranges
                0x00000f28       0x70 .\CortexM3\ARM_GCC_541\Debug\WOTAN.a(ShiftReg_4.o)
 .debug_aranges
                0x00000f98       0x80 .\CortexM3\ARM_GCC_541\Debug\WOTAN.a(isr_DAC_4.o)
 .debug_aranges
                0x00001018       0x30 .\CortexM3\ARM_GCC_541\Debug\WOTAN.a(FLASH.o)
 .debug_aranges
                0x00001048       0x80 .\CortexM3\ARM_GCC_541\Debug\WOTAN.a(isr_ADC_1.o)
 .debug_aranges
                0x000010c8       0x30 .\CortexM3\ARM_GCC_541\Debug\WOTAN.a(ChannelSel.o)
 .debug_aranges
                0x000010f8       0x80 .\CortexM3\ARM_GCC_541\Debug\WOTAN.a(isr_ADC_2.o)
 .debug_aranges
                0x00001178       0x40 .\CortexM3\ARM_GCC_541\Debug\WOTAN.a(refOut.o)
 .debug_aranges
                0x000011b8       0x40 .\CortexM3\ARM_GCC_541\Debug\WOTAN.a(Track_Hold_1.o)
 .debug_aranges
                0x000011f8       0x40 .\CortexM3\ARM_GCC_541\Debug\WOTAN.a(Track_Hold_2.o)
 .debug_aranges
                0x00001238       0x70 .\CortexM3\ARM_GCC_541\Debug\WOTAN.a(CompTrigger.o)
 .debug_aranges
                0x000012a8       0x80 .\CortexM3\ARM_GCC_541\Debug\WOTAN.a(isrTrigger.o)
 .debug_aranges
                0x00001328       0x78 .\CortexM3\ARM_GCC_541\Debug\WOTAN.a(pwmSAMPLING.o)
 .debug_aranges
                0x000013a0       0x40 .\CortexM3\ARM_GCC_541\Debug\WOTAN.a(sigBuf.o)
 .debug_aranges
                0x000013e0       0x28 .\CortexM3\ARM_GCC_541\Debug\WOTAN.a(internTrigger.o)
 .debug_aranges
                0x00001408       0x20 .\CortexM3\ARM_GCC_541\Debug\WOTAN.a(CyBootAsmGnu.o)
 .debug_aranges
                0x00001428       0x80 .\CortexM3\ARM_GCC_541\Debug\WOTAN.a(CyFlash.o)
 .debug_aranges
                0x000014a8       0x78 .\CortexM3\ARM_GCC_541\Debug\WOTAN.a(CySpc.o)

.debug_pubnames
 *(.debug_pubnames)

.debug_info     0x00000000     0xbcd7
 *(.debug_info .gnu.linkonce.wi.*)
 .debug_info    0x00000000     0x20c9 .\CortexM3\ARM_GCC_541\Debug\main.o
 .debug_info    0x000020c9      0x741 .\CortexM3\ARM_GCC_541\Debug\cyfitter_cfg.o
 .debug_info    0x0000280a      0x139 .\CortexM3\ARM_GCC_541\Debug\cymetadata.o
 .debug_info    0x00002943      0x3cf .\CortexM3\ARM_GCC_541\Debug\Cm3Start.o
 .debug_info    0x00002d12      0x209 .\CortexM3\ARM_GCC_541\Debug\WOTAN.a(IDAC8_1.o)
 .debug_info    0x00002f1b      0x11f .\CortexM3\ARM_GCC_541\Debug\WOTAN.a(LED.o)
 .debug_info    0x0000303a      0x94e .\CortexM3\ARM_GCC_541\Debug\WOTAN.a(CyDmac.o)
 .debug_info    0x00003988     0x1374 .\CortexM3\ARM_GCC_541\Debug\WOTAN.a(CyLib.o)
 .debug_info    0x00004cfc      0xa2a .\CortexM3\ARM_GCC_541\Debug\WOTAN.a(cyPm.o)
 .debug_info    0x00005726      0x5a2 .\CortexM3\ARM_GCC_541\Debug\WOTAN.a(ADC_SAR_1.o)
 .debug_info    0x00005cc8       0x92 .\CortexM3\ARM_GCC_541\Debug\WOTAN.a(ADC_SAR_1_INT.o)
 .debug_info    0x00005d5a      0x72d .\CortexM3\ARM_GCC_541\Debug\WOTAN.a(UART_1.o)
 .debug_info    0x00006487      0x14c .\CortexM3\ARM_GCC_541\Debug\WOTAN.a(UART_1_INT.o)
 .debug_info    0x000065d3      0x2d2 .\CortexM3\ARM_GCC_541\Debug\WOTAN.a(ADC_SAR_1_IRQ.o)
 .debug_info    0x000068a5      0x283 .\CortexM3\ARM_GCC_541\Debug\WOTAN.a(UART_1_IntClock.o)
 .debug_info    0x00006b28      0x1aa .\CortexM3\ARM_GCC_541\Debug\WOTAN.a(DMA_ADC_1_dma.o)
 .debug_info    0x00006cd2      0x5a2 .\CortexM3\ARM_GCC_541\Debug\WOTAN.a(ADC_SAR_2.o)
 .debug_info    0x00007274       0x92 .\CortexM3\ARM_GCC_541\Debug\WOTAN.a(ADC_SAR_2_INT.o)
 .debug_info    0x00007306      0x1a8 .\CortexM3\ARM_GCC_541\Debug\WOTAN.a(DMA_ADC_2_dma.o)
 .debug_info    0x000074ae      0x2d2 .\CortexM3\ARM_GCC_541\Debug\WOTAN.a(ADC_SAR_2_IRQ.o)
 .debug_info    0x00007780      0x2a0 .\CortexM3\ARM_GCC_541\Debug\WOTAN.a(ShiftReg_1.o)
 .debug_info    0x00007a20      0x1a9 .\CortexM3\ARM_GCC_541\Debug\WOTAN.a(DMA_DAC_1_dma.o)
 .debug_info    0x00007bc9      0x209 .\CortexM3\ARM_GCC_541\Debug\WOTAN.a(IDAC8_2.o)
 .debug_info    0x00007dd2      0x1a8 .\CortexM3\ARM_GCC_541\Debug\WOTAN.a(DMA_DAC_2_dma.o)
 .debug_info    0x00007f7a      0x2d2 .\CortexM3\ARM_GCC_541\Debug\WOTAN.a(isr_DAC_1.o)
 .debug_info    0x0000824c      0x2a0 .\CortexM3\ARM_GCC_541\Debug\WOTAN.a(ShiftReg_2.o)
 .debug_info    0x000084ec      0x209 .\CortexM3\ARM_GCC_541\Debug\WOTAN.a(IDAC8_3.o)
 .debug_info    0x000086f5      0x1a8 .\CortexM3\ARM_GCC_541\Debug\WOTAN.a(DMA_DAC_3_dma.o)
 .debug_info    0x0000889d      0x2d2 .\CortexM3\ARM_GCC_541\Debug\WOTAN.a(isr_DAC_2.o)
 .debug_info    0x00008b6f      0x2a0 .\CortexM3\ARM_GCC_541\Debug\WOTAN.a(ShiftReg_3.o)
 .debug_info    0x00008e0f      0x209 .\CortexM3\ARM_GCC_541\Debug\WOTAN.a(IDAC8_4.o)
 .debug_info    0x00009018      0x1a8 .\CortexM3\ARM_GCC_541\Debug\WOTAN.a(DMA_DAC_4_dma.o)
 .debug_info    0x000091c0      0x2d2 .\CortexM3\ARM_GCC_541\Debug\WOTAN.a(isr_DAC_3.o)
 .debug_info    0x00009492      0x2a0 .\CortexM3\ARM_GCC_541\Debug\WOTAN.a(ShiftReg_4.o)
 .debug_info    0x00009732      0x2d2 .\CortexM3\ARM_GCC_541\Debug\WOTAN.a(isr_DAC_4.o)
 .debug_info    0x00009a04      0x25e .\CortexM3\ARM_GCC_541\Debug\WOTAN.a(FLASH.o)
 .debug_info    0x00009c62      0x2d2 .\CortexM3\ARM_GCC_541\Debug\WOTAN.a(isr_ADC_1.o)
 .debug_info    0x00009f34      0x165 .\CortexM3\ARM_GCC_541\Debug\WOTAN.a(ChannelSel.o)
 .debug_info    0x0000a099      0x2d2 .\CortexM3\ARM_GCC_541\Debug\WOTAN.a(isr_ADC_2.o)
 .debug_info    0x0000a36b      0x151 .\CortexM3\ARM_GCC_541\Debug\WOTAN.a(refOut.o)
 .debug_info    0x0000a4bc      0x160 .\CortexM3\ARM_GCC_541\Debug\WOTAN.a(Track_Hold_1.o)
 .debug_info    0x0000a61c      0x160 .\CortexM3\ARM_GCC_541\Debug\WOTAN.a(Track_Hold_2.o)
 .debug_info    0x0000a77c      0x2c8 .\CortexM3\ARM_GCC_541\Debug\WOTAN.a(CompTrigger.o)
 .debug_info    0x0000aa44      0x2d2 .\CortexM3\ARM_GCC_541\Debug\WOTAN.a(isrTrigger.o)
 .debug_info    0x0000ad16      0x27f .\CortexM3\ARM_GCC_541\Debug\WOTAN.a(pwmSAMPLING.o)
 .debug_info    0x0000af95      0x151 .\CortexM3\ARM_GCC_541\Debug\WOTAN.a(sigBuf.o)
 .debug_info    0x0000b0e6       0xd6 .\CortexM3\ARM_GCC_541\Debug\WOTAN.a(internTrigger.o)
 .debug_info    0x0000b1bc       0x7a .\CortexM3\ARM_GCC_541\Debug\WOTAN.a(CyBootAsmGnu.o)
 .debug_info    0x0000b236      0x5b8 .\CortexM3\ARM_GCC_541\Debug\WOTAN.a(CyFlash.o)
 .debug_info    0x0000b7ee      0x4e9 .\CortexM3\ARM_GCC_541\Debug\WOTAN.a(CySpc.o)

.debug_abbrev   0x00000000     0x39f7
 *(.debug_abbrev)
 .debug_abbrev  0x00000000      0x1ed .\CortexM3\ARM_GCC_541\Debug\main.o
 .debug_abbrev  0x000001ed      0x21e .\CortexM3\ARM_GCC_541\Debug\cyfitter_cfg.o
 .debug_abbrev  0x0000040b       0x77 .\CortexM3\ARM_GCC_541\Debug\cymetadata.o
 .debug_abbrev  0x00000482      0x1e8 .\CortexM3\ARM_GCC_541\Debug\Cm3Start.o
 .debug_abbrev  0x0000066a      0x106 .\CortexM3\ARM_GCC_541\Debug\WOTAN.a(IDAC8_1.o)
 .debug_abbrev  0x00000770       0x90 .\CortexM3\ARM_GCC_541\Debug\WOTAN.a(LED.o)
 .debug_abbrev  0x00000800      0x1b2 .\CortexM3\ARM_GCC_541\Debug\WOTAN.a(CyDmac.o)
 .debug_abbrev  0x000009b2      0x254 .\CortexM3\ARM_GCC_541\Debug\WOTAN.a(CyLib.o)
 .debug_abbrev  0x00000c06      0x1ab .\CortexM3\ARM_GCC_541\Debug\WOTAN.a(cyPm.o)
 .debug_abbrev  0x00000db1      0x1ac .\CortexM3\ARM_GCC_541\Debug\WOTAN.a(ADC_SAR_1.o)
 .debug_abbrev  0x00000f5d       0x42 .\CortexM3\ARM_GCC_541\Debug\WOTAN.a(ADC_SAR_1_INT.o)
 .debug_abbrev  0x00000f9f      0x16f .\CortexM3\ARM_GCC_541\Debug\WOTAN.a(UART_1.o)
 .debug_abbrev  0x0000110e       0x8a .\CortexM3\ARM_GCC_541\Debug\WOTAN.a(UART_1_INT.o)
 .debug_abbrev  0x00001198      0x173 .\CortexM3\ARM_GCC_541\Debug\WOTAN.a(ADC_SAR_1_IRQ.o)
 .debug_abbrev  0x0000130b      0x139 .\CortexM3\ARM_GCC_541\Debug\WOTAN.a(UART_1_IntClock.o)
 .debug_abbrev  0x00001444       0xcd .\CortexM3\ARM_GCC_541\Debug\WOTAN.a(DMA_ADC_1_dma.o)
 .debug_abbrev  0x00001511      0x1ac .\CortexM3\ARM_GCC_541\Debug\WOTAN.a(ADC_SAR_2.o)
 .debug_abbrev  0x000016bd       0x42 .\CortexM3\ARM_GCC_541\Debug\WOTAN.a(ADC_SAR_2_INT.o)
 .debug_abbrev  0x000016ff       0xcd .\CortexM3\ARM_GCC_541\Debug\WOTAN.a(DMA_ADC_2_dma.o)
 .debug_abbrev  0x000017cc      0x173 .\CortexM3\ARM_GCC_541\Debug\WOTAN.a(ADC_SAR_2_IRQ.o)
 .debug_abbrev  0x0000193f      0x153 .\CortexM3\ARM_GCC_541\Debug\WOTAN.a(ShiftReg_1.o)
 .debug_abbrev  0x00001a92       0xcd .\CortexM3\ARM_GCC_541\Debug\WOTAN.a(DMA_DAC_1_dma.o)
 .debug_abbrev  0x00001b5f      0x106 .\CortexM3\ARM_GCC_541\Debug\WOTAN.a(IDAC8_2.o)
 .debug_abbrev  0x00001c65       0xcd .\CortexM3\ARM_GCC_541\Debug\WOTAN.a(DMA_DAC_2_dma.o)
 .debug_abbrev  0x00001d32      0x173 .\CortexM3\ARM_GCC_541\Debug\WOTAN.a(isr_DAC_1.o)
 .debug_abbrev  0x00001ea5      0x153 .\CortexM3\ARM_GCC_541\Debug\WOTAN.a(ShiftReg_2.o)
 .debug_abbrev  0x00001ff8      0x106 .\CortexM3\ARM_GCC_541\Debug\WOTAN.a(IDAC8_3.o)
 .debug_abbrev  0x000020fe       0xcd .\CortexM3\ARM_GCC_541\Debug\WOTAN.a(DMA_DAC_3_dma.o)
 .debug_abbrev  0x000021cb      0x173 .\CortexM3\ARM_GCC_541\Debug\WOTAN.a(isr_DAC_2.o)
 .debug_abbrev  0x0000233e      0x153 .\CortexM3\ARM_GCC_541\Debug\WOTAN.a(ShiftReg_3.o)
 .debug_abbrev  0x00002491      0x106 .\CortexM3\ARM_GCC_541\Debug\WOTAN.a(IDAC8_4.o)
 .debug_abbrev  0x00002597       0xcd .\CortexM3\ARM_GCC_541\Debug\WOTAN.a(DMA_DAC_4_dma.o)
 .debug_abbrev  0x00002664      0x173 .\CortexM3\ARM_GCC_541\Debug\WOTAN.a(isr_DAC_3.o)
 .debug_abbrev  0x000027d7      0x153 .\CortexM3\ARM_GCC_541\Debug\WOTAN.a(ShiftReg_4.o)
 .debug_abbrev  0x0000292a      0x173 .\CortexM3\ARM_GCC_541\Debug\WOTAN.a(isr_DAC_4.o)
 .debug_abbrev  0x00002a9d      0x10e .\CortexM3\ARM_GCC_541\Debug\WOTAN.a(FLASH.o)
 .debug_abbrev  0x00002bab      0x173 .\CortexM3\ARM_GCC_541\Debug\WOTAN.a(isr_ADC_1.o)
 .debug_abbrev  0x00002d1e       0xb1 .\CortexM3\ARM_GCC_541\Debug\WOTAN.a(ChannelSel.o)
 .debug_abbrev  0x00002dcf      0x173 .\CortexM3\ARM_GCC_541\Debug\WOTAN.a(isr_ADC_2.o)
 .debug_abbrev  0x00002f42       0xb2 .\CortexM3\ARM_GCC_541\Debug\WOTAN.a(refOut.o)
 .debug_abbrev  0x00002ff4       0xc1 .\CortexM3\ARM_GCC_541\Debug\WOTAN.a(Track_Hold_1.o)
 .debug_abbrev  0x000030b5       0xc1 .\CortexM3\ARM_GCC_541\Debug\WOTAN.a(Track_Hold_2.o)
 .debug_abbrev  0x00003176      0x16e .\CortexM3\ARM_GCC_541\Debug\WOTAN.a(CompTrigger.o)
 .debug_abbrev  0x000032e4      0x173 .\CortexM3\ARM_GCC_541\Debug\WOTAN.a(isrTrigger.o)
 .debug_abbrev  0x00003457      0x12d .\CortexM3\ARM_GCC_541\Debug\WOTAN.a(pwmSAMPLING.o)
 .debug_abbrev  0x00003584       0xb2 .\CortexM3\ARM_GCC_541\Debug\WOTAN.a(sigBuf.o)
 .debug_abbrev  0x00003636       0x81 .\CortexM3\ARM_GCC_541\Debug\WOTAN.a(internTrigger.o)
 .debug_abbrev  0x000036b7       0x14 .\CortexM3\ARM_GCC_541\Debug\WOTAN.a(CyBootAsmGnu.o)
 .debug_abbrev  0x000036cb      0x198 .\CortexM3\ARM_GCC_541\Debug\WOTAN.a(CyFlash.o)
 .debug_abbrev  0x00003863      0x194 .\CortexM3\ARM_GCC_541\Debug\WOTAN.a(CySpc.o)

.debug_line     0x00000000     0x494b
 *(.debug_line)
 .debug_line    0x00000000      0x81a .\CortexM3\ARM_GCC_541\Debug\main.o
 .debug_line    0x0000081a      0x245 .\CortexM3\ARM_GCC_541\Debug\cyfitter_cfg.o
 .debug_line    0x00000a5f      0x141 .\CortexM3\ARM_GCC_541\Debug\cymetadata.o
 .debug_line    0x00000ba0      0x241 .\CortexM3\ARM_GCC_541\Debug\Cm3Start.o
 .debug_line    0x00000de1       0xfa .\CortexM3\ARM_GCC_541\Debug\WOTAN.a(IDAC8_1.o)
 .debug_line    0x00000edb       0x90 .\CortexM3\ARM_GCC_541\Debug\WOTAN.a(LED.o)
 .debug_line    0x00000f6b      0x2e4 .\CortexM3\ARM_GCC_541\Debug\WOTAN.a(CyDmac.o)
 .debug_line    0x0000124f      0x816 .\CortexM3\ARM_GCC_541\Debug\WOTAN.a(CyLib.o)
 .debug_line    0x00001a65      0x367 .\CortexM3\ARM_GCC_541\Debug\WOTAN.a(cyPm.o)
 .debug_line    0x00001dcc      0x208 .\CortexM3\ARM_GCC_541\Debug\WOTAN.a(ADC_SAR_1.o)
 .debug_line    0x00001fd4       0x56 .\CortexM3\ARM_GCC_541\Debug\WOTAN.a(ADC_SAR_1_INT.o)
 .debug_line    0x0000202a      0x306 .\CortexM3\ARM_GCC_541\Debug\WOTAN.a(UART_1.o)
 .debug_line    0x00002330       0x85 .\CortexM3\ARM_GCC_541\Debug\WOTAN.a(UART_1_INT.o)
 .debug_line    0x000023b5      0x13a .\CortexM3\ARM_GCC_541\Debug\WOTAN.a(ADC_SAR_1_IRQ.o)
 .debug_line    0x000024ef      0x17e .\CortexM3\ARM_GCC_541\Debug\WOTAN.a(UART_1_IntClock.o)
 .debug_line    0x0000266d       0x86 .\CortexM3\ARM_GCC_541\Debug\WOTAN.a(DMA_ADC_1_dma.o)
 .debug_line    0x000026f3      0x208 .\CortexM3\ARM_GCC_541\Debug\WOTAN.a(ADC_SAR_2.o)
 .debug_line    0x000028fb       0x56 .\CortexM3\ARM_GCC_541\Debug\WOTAN.a(ADC_SAR_2_INT.o)
 .debug_line    0x00002951       0x86 .\CortexM3\ARM_GCC_541\Debug\WOTAN.a(DMA_ADC_2_dma.o)
 .debug_line    0x000029d7      0x13a .\CortexM3\ARM_GCC_541\Debug\WOTAN.a(ADC_SAR_2_IRQ.o)
 .debug_line    0x00002b11      0x135 .\CortexM3\ARM_GCC_541\Debug\WOTAN.a(ShiftReg_1.o)
 .debug_line    0x00002c46       0x86 .\CortexM3\ARM_GCC_541\Debug\WOTAN.a(DMA_DAC_1_dma.o)
 .debug_line    0x00002ccc       0xfa .\CortexM3\ARM_GCC_541\Debug\WOTAN.a(IDAC8_2.o)
 .debug_line    0x00002dc6       0x86 .\CortexM3\ARM_GCC_541\Debug\WOTAN.a(DMA_DAC_2_dma.o)
 .debug_line    0x00002e4c      0x136 .\CortexM3\ARM_GCC_541\Debug\WOTAN.a(isr_DAC_1.o)
 .debug_line    0x00002f82      0x135 .\CortexM3\ARM_GCC_541\Debug\WOTAN.a(ShiftReg_2.o)
 .debug_line    0x000030b7       0xfa .\CortexM3\ARM_GCC_541\Debug\WOTAN.a(IDAC8_3.o)
 .debug_line    0x000031b1       0x86 .\CortexM3\ARM_GCC_541\Debug\WOTAN.a(DMA_DAC_3_dma.o)
 .debug_line    0x00003237      0x136 .\CortexM3\ARM_GCC_541\Debug\WOTAN.a(isr_DAC_2.o)
 .debug_line    0x0000336d      0x135 .\CortexM3\ARM_GCC_541\Debug\WOTAN.a(ShiftReg_3.o)
 .debug_line    0x000034a2       0xfa .\CortexM3\ARM_GCC_541\Debug\WOTAN.a(IDAC8_4.o)
 .debug_line    0x0000359c       0x86 .\CortexM3\ARM_GCC_541\Debug\WOTAN.a(DMA_DAC_4_dma.o)
 .debug_line    0x00003622      0x136 .\CortexM3\ARM_GCC_541\Debug\WOTAN.a(isr_DAC_3.o)
 .debug_line    0x00003758      0x135 .\CortexM3\ARM_GCC_541\Debug\WOTAN.a(ShiftReg_4.o)
 .debug_line    0x0000388d      0x136 .\CortexM3\ARM_GCC_541\Debug\WOTAN.a(isr_DAC_4.o)
 .debug_line    0x000039c3       0xd4 .\CortexM3\ARM_GCC_541\Debug\WOTAN.a(FLASH.o)
 .debug_line    0x00003a97      0x136 .\CortexM3\ARM_GCC_541\Debug\WOTAN.a(isr_ADC_1.o)
 .debug_line    0x00003bcd       0xae .\CortexM3\ARM_GCC_541\Debug\WOTAN.a(ChannelSel.o)
 .debug_line    0x00003c7b      0x136 .\CortexM3\ARM_GCC_541\Debug\WOTAN.a(isr_ADC_2.o)
 .debug_line    0x00003db1       0xa9 .\CortexM3\ARM_GCC_541\Debug\WOTAN.a(refOut.o)
 .debug_line    0x00003e5a       0xb7 .\CortexM3\ARM_GCC_541\Debug\WOTAN.a(Track_Hold_1.o)
 .debug_line    0x00003f11       0xb7 .\CortexM3\ARM_GCC_541\Debug\WOTAN.a(Track_Hold_2.o)
 .debug_line    0x00003fc8      0x16a .\CortexM3\ARM_GCC_541\Debug\WOTAN.a(CompTrigger.o)
 .debug_line    0x00004132      0x137 .\CortexM3\ARM_GCC_541\Debug\WOTAN.a(isrTrigger.o)
 .debug_line    0x00004269      0x139 .\CortexM3\ARM_GCC_541\Debug\WOTAN.a(pwmSAMPLING.o)
 .debug_line    0x000043a2       0xa9 .\CortexM3\ARM_GCC_541\Debug\WOTAN.a(sigBuf.o)
 .debug_line    0x0000444b       0x75 .\CortexM3\ARM_GCC_541\Debug\WOTAN.a(internTrigger.o)
 .debug_line    0x000044c0       0x66 .\CortexM3\ARM_GCC_541\Debug\WOTAN.a(CyBootAsmGnu.o)
 .debug_line    0x00004526      0x1e9 .\CortexM3\ARM_GCC_541\Debug\WOTAN.a(CyFlash.o)